Nov 18 07:45:00 ip-172-31-9-234 keyboard-setup.sh[509]: cannot open file /run/tmpkbd.WDeMlV
Nov 18 07:45:00 ip-172-31-9-234 kernel: [    0.000000] Linux version 5.4.0-1029-aws (buildd@lcy01-amd64-021) (gcc version 7.5.0 (Ubuntu 7.5.0-3ubuntu1~18.04)) #30~18.04.1-Ubuntu SMP Tue Oct 20 11:09:25 UTC 2020 (Ubuntu 5.4.0-1029.30~18.04.1-aws 5.4.65)
Nov 18 07:45:00 ip-172-31-9-234 kernel: [    0.000000] Command line: BOOT_IMAGE=/boot/vmlinuz-5.4.0-1029-aws root=LABEL=cloudimg-rootfs ro console=tty1 console=ttyS0 nvme_core.io_timeout=4294967295
Nov 18 07:45:00 ip-172-31-9-234 kernel: [    0.000000] KERNEL supported cpus:
Nov 18 07:45:00 ip-172-31-9-234 kernel: [    0.000000]   Intel GenuineIntel
Nov 18 07:45:00 ip-172-31-9-234 kernel: [    0.000000]   AMD AuthenticAMD
Nov 18 07:45:00 ip-172-31-9-234 kernel: [    0.000000]   Hygon HygonGenuine
Nov 18 07:45:00 ip-172-31-9-234 kernel: [    0.000000]   Centaur CentaurHauls
Nov 18 07:45:00 ip-172-31-9-234 kernel: [    0.000000]   zhaoxin   Shanghai  
Nov 18 07:45:00 ip-172-31-9-234 kernel: [    0.000000] x86/fpu: Supporting XSAVE feature 0x001: 'x87 floating point registers'
Nov 18 07:45:00 ip-172-31-9-234 kernel: [    0.000000] x86/fpu: Supporting XSAVE feature 0x002: 'SSE registers'
Nov 18 07:45:00 ip-172-31-9-234 kernel: [    0.000000] x86/fpu: Supporting XSAVE feature 0x004: 'AVX registers'
Nov 18 07:45:00 ip-172-31-9-234 kernel: [    0.000000] x86/fpu: Supporting XSAVE feature 0x008: 'MPX bounds registers'
Nov 18 07:45:00 ip-172-31-9-234 kernel: [    0.000000] x86/fpu: Supporting XSAVE feature 0x010: 'MPX CSR'
Nov 18 07:45:00 ip-172-31-9-234 kernel: [    0.000000] x86/fpu: Supporting XSAVE feature 0x020: 'AVX-512 opmask'
Nov 18 07:45:00 ip-172-31-9-234 kernel: [    0.000000] x86/fpu: Supporting XSAVE feature 0x040: 'AVX-512 Hi256'
Nov 18 07:45:00 ip-172-31-9-234 kernel: [    0.000000] x86/fpu: Supporting XSAVE feature 0x080: 'AVX-512 ZMM_Hi256'
Nov 18 07:45:00 ip-172-31-9-234 kernel: [    0.000000] x86/fpu: Supporting XSAVE feature 0x200: 'Protection Keys User registers'
Nov 18 07:45:00 ip-172-31-9-234 kernel: [    0.000000] x86/fpu: xstate_offset[2]:  576, xstate_sizes[2]:  256
Nov 18 07:45:00 ip-172-31-9-234 kernel: [    0.000000] x86/fpu: xstate_offset[3]:  832, xstate_sizes[3]:   64
Nov 18 07:45:00 ip-172-31-9-234 kernel: [    0.000000] x86/fpu: xstate_offset[4]:  896, xstate_sizes[4]:   64
Nov 18 07:45:00 ip-172-31-9-234 kernel: [    0.000000] x86/fpu: xstate_offset[5]:  960, xstate_sizes[5]:   64
Nov 18 07:45:00 ip-172-31-9-234 kernel: [    0.000000] x86/fpu: xstate_offset[6]: 1024, xstate_sizes[6]:  512
Nov 18 07:45:00 ip-172-31-9-234 kernel: [    0.000000] x86/fpu: xstate_offset[7]: 1536, xstate_sizes[7]: 1024
Nov 18 07:45:00 ip-172-31-9-234 kernel: [    0.000000] x86/fpu: xstate_offset[9]: 2560, xstate_sizes[9]:    8
Nov 18 07:45:00 ip-172-31-9-234 kernel: [    0.000000] x86/fpu: Enabled xstate features 0x2ff, context size is 2568 bytes, using 'compacted' format.
Nov 18 07:45:00 ip-172-31-9-234 kernel: [    0.000000] BIOS-provided physical RAM map:
Nov 18 07:45:00 ip-172-31-9-234 kernel: [    0.000000] BIOS-e820: [mem 0x0000000000000000-0x000000000009fbff] usable
Nov 18 07:45:00 ip-172-31-9-234 kernel: [    0.000000] BIOS-e820: [mem 0x000000000009fc00-0x000000000009ffff] reserved
Nov 18 07:45:00 ip-172-31-9-234 kernel: [    0.000000] BIOS-e820: [mem 0x00000000000f0000-0x00000000000fffff] reserved
Nov 18 07:45:00 ip-172-31-9-234 kernel: [    0.000000] BIOS-e820: [mem 0x0000000000100000-0x00000000bfff8fff] usable
Nov 18 07:45:00 ip-172-31-9-234 kernel: [    0.000000] BIOS-e820: [mem 0x00000000bfff9000-0x00000000bfffffff] reserved
Nov 18 07:45:00 ip-172-31-9-234 kernel: [    0.000000] BIOS-e820: [mem 0x00000000e0000000-0x00000000e03fffff] reserved
Nov 18 07:45:00 ip-172-31-9-234 kernel: [    0.000000] BIOS-e820: [mem 0x00000000fffc0000-0x00000000ffffffff] reserved
Nov 18 07:45:00 ip-172-31-9-234 kernel: [    0.000000] BIOS-e820: [mem 0x0000000100000000-0x000000100d3fffff] usable
Nov 18 07:45:00 ip-172-31-9-234 kernel: [    0.000000] BIOS-e820: [mem 0x000000100d400000-0x000000103fffffff] reserved
Nov 18 07:45:00 ip-172-31-9-234 kernel: [    0.000000] NX (Execute Disable) protection: active
Nov 18 07:45:00 ip-172-31-9-234 kernel: [    0.000000] SMBIOS 2.7 present.
Nov 18 07:45:00 ip-172-31-9-234 kernel: [    0.000000] DMI: Amazon EC2 m5.4xlarge/, BIOS 1.0 10/16/2017
Nov 18 07:45:00 ip-172-31-9-234 kernel: [    0.000000] Hypervisor detected: KVM
Nov 18 07:45:00 ip-172-31-9-234 kernel: [    0.000000] kvm-clock: Using msrs 4b564d01 and 4b564d00
Nov 18 07:45:00 ip-172-31-9-234 kernel: [    0.000000] kvm-clock: cpu 0, msr 7bfc01001, primary cpu clock
Nov 18 07:45:00 ip-172-31-9-234 kernel: [    0.000000] kvm-clock: using sched offset of 4555696592 cycles
Nov 18 07:45:00 ip-172-31-9-234 kernel: [    0.000002] clocksource: kvm-clock: mask: 0xffffffffffffffff max_cycles: 0x1cd42e4dffb, max_idle_ns: 881590591483 ns
Nov 18 07:45:00 ip-172-31-9-234 kernel: [    0.000004] tsc: Detected 2499.998 MHz processor
Nov 18 07:45:00 ip-172-31-9-234 kernel: [    0.001078] e820: update [mem 0x00000000-0x00000fff] usable ==> reserved
Nov 18 07:45:00 ip-172-31-9-234 kernel: [    0.001080] e820: remove [mem 0x000a0000-0x000fffff] usable
Nov 18 07:45:00 ip-172-31-9-234 kernel: [    0.001084] last_pfn = 0x100d400 max_arch_pfn = 0x400000000
Nov 18 07:45:00 ip-172-31-9-234 kernel: [    0.001111] MTRR default type: write-back
Nov 18 07:45:00 ip-172-31-9-234 kernel: [    0.001112] MTRR fixed ranges enabled:
Nov 18 07:45:00 ip-172-31-9-234 kernel: [    0.001113]   00000-9FFFF write-back
Nov 18 07:45:00 ip-172-31-9-234 kernel: [    0.001114]   A0000-BFFFF uncachable
Nov 18 07:45:00 ip-172-31-9-234 kernel: [    0.001115]   C0000-FFFFF write-protect
Nov 18 07:45:00 ip-172-31-9-234 kernel: [    0.001115] MTRR variable ranges enabled:
Nov 18 07:45:00 ip-172-31-9-234 kernel: [    0.001116]   0 base 0000C0000000 mask 3FFFC0000000 uncachable
Nov 18 07:45:00 ip-172-31-9-234 kernel: [    0.001117]   1 disabled
Nov 18 07:45:00 ip-172-31-9-234 kernel: [    0.001117]   2 disabled
Nov 18 07:45:00 ip-172-31-9-234 kernel: [    0.001117]   3 disabled
Nov 18 07:45:00 ip-172-31-9-234 kernel: [    0.001118]   4 disabled
Nov 18 07:45:00 ip-172-31-9-234 kernel: [    0.001118]   5 disabled
Nov 18 07:45:00 ip-172-31-9-234 kernel: [    0.001118]   6 disabled
Nov 18 07:45:00 ip-172-31-9-234 kernel: [    0.001119]   7 disabled
Nov 18 07:45:00 ip-172-31-9-234 kernel: [    0.001125] x86/PAT: Configuration [0-7]: WB  WC  UC- UC  WB  WP  UC- WT  
Nov 18 07:45:00 ip-172-31-9-234 kernel: [    0.001133] last_pfn = 0xbfff9 max_arch_pfn = 0x400000000
Nov 18 07:45:00 ip-172-31-9-234 kernel: [    0.008205] check: Scanning 1 areas for low memory corruption
Nov 18 07:45:00 ip-172-31-9-234 kernel: [    0.008228] Using GB pages for direct mapping
Nov 18 07:45:00 ip-172-31-9-234 kernel: [    0.008364] RAMDISK: [mem 0x3581b000-0x36c04fff]
Nov 18 07:45:00 ip-172-31-9-234 kernel: [    0.008377] ACPI: Early table checksum verification disabled
Nov 18 07:45:00 ip-172-31-9-234 kernel: [    0.008380] ACPI: RSDP 0x00000000000F8F80 000014 (v00 AMAZON)
Nov 18 07:45:00 ip-172-31-9-234 kernel: [    0.008386] ACPI: RSDT 0x00000000BFFFDCC0 00003C (v01 AMAZON AMZNRSDT 00000001 AMZN 00000001)
Nov 18 07:45:00 ip-172-31-9-234 kernel: [    0.008390] ACPI: FACP 0x00000000BFFFFF80 000074 (v01 AMAZON AMZNFACP 00000001 AMZN 00000001)
Nov 18 07:45:00 ip-172-31-9-234 kernel: [    0.008394] ACPI: DSDT 0x00000000BFFFDD00 0010E9 (v01 AMAZON AMZNDSDT 00000001 AMZN 00000001)
Nov 18 07:45:00 ip-172-31-9-234 kernel: [    0.008397] ACPI: FACS 0x00000000BFFFFF40 000040
Nov 18 07:45:00 ip-172-31-9-234 kernel: [    0.008399] ACPI: SSDT 0x00000000BFFFF170 000DC8 (v01 AMAZON AMZNSSDT 00000001 AMZN 00000001)
Nov 18 07:45:00 ip-172-31-9-234 kernel: [    0.008401] ACPI: APIC 0x00000000BFFFF010 0000E6 (v01 AMAZON AMZNAPIC 00000001 AMZN 00000001)
Nov 18 07:45:00 ip-172-31-9-234 kernel: [    0.008403] ACPI: SRAT 0x00000000BFFFEE90 000180 (v01 AMAZON AMZNSRAT 00000001 AMZN 00000001)
Nov 18 07:45:00 ip-172-31-9-234 kernel: [    0.008406] ACPI: SLIT 0x00000000BFFFEE20 00006C (v01 AMAZON AMZNSLIT 00000001 AMZN 00000001)
Nov 18 07:45:00 ip-172-31-9-234 kernel: [    0.008408] ACPI: WAET 0x00000000BFFFEDF0 000028 (v01 AMAZON AMZNWAET 00000001 AMZN 00000001)
Nov 18 07:45:00 ip-172-31-9-234 kernel: [    0.008414] ACPI: Local APIC address 0xfee00000
Nov 18 07:45:00 ip-172-31-9-234 kernel: [    0.008484] SRAT: PXM 0 -> APIC 0x00 -> Node 0
Nov 18 07:45:00 ip-172-31-9-234 kernel: [    0.008485] SRAT: PXM 0 -> APIC 0x01 -> Node 0
Nov 18 07:45:00 ip-172-31-9-234 kernel: [    0.008486] SRAT: PXM 0 -> APIC 0x02 -> Node 0
Nov 18 07:45:00 ip-172-31-9-234 kernel: [    0.008487] SRAT: PXM 0 -> APIC 0x03 -> Node 0
Nov 18 07:45:00 ip-172-31-9-234 kernel: [    0.008487] SRAT: PXM 0 -> APIC 0x04 -> Node 0
Nov 18 07:45:00 ip-172-31-9-234 kernel: [    0.008488] SRAT: PXM 0 -> APIC 0x05 -> Node 0
Nov 18 07:45:00 ip-172-31-9-234 kernel: [    0.008489] SRAT: PXM 0 -> APIC 0x06 -> Node 0
Nov 18 07:45:00 ip-172-31-9-234 kernel: [    0.008489] SRAT: PXM 0 -> APIC 0x07 -> Node 0
Nov 18 07:45:00 ip-172-31-9-234 kernel: [    0.008490] SRAT: PXM 0 -> APIC 0x08 -> Node 0
Nov 18 07:45:00 ip-172-31-9-234 kernel: [    0.008491] SRAT: PXM 0 -> APIC 0x09 -> Node 0
Nov 18 07:45:00 ip-172-31-9-234 kernel: [    0.008491] SRAT: PXM 0 -> APIC 0x0a -> Node 0
Nov 18 07:45:00 ip-172-31-9-234 kernel: [    0.008492] SRAT: PXM 0 -> APIC 0x0b -> Node 0
Nov 18 07:45:00 ip-172-31-9-234 kernel: [    0.008492] SRAT: PXM 0 -> APIC 0x0c -> Node 0
Nov 18 07:45:00 ip-172-31-9-234 kernel: [    0.008493] SRAT: PXM 0 -> APIC 0x0d -> Node 0
Nov 18 07:45:00 ip-172-31-9-234 kernel: [    0.008494] SRAT: PXM 0 -> APIC 0x0e -> Node 0
Nov 18 07:45:00 ip-172-31-9-234 kernel: [    0.008494] SRAT: PXM 0 -> APIC 0x0f -> Node 0
Nov 18 07:45:00 ip-172-31-9-234 kernel: [    0.008497] ACPI: SRAT: Node 0 PXM 0 [mem 0x00000000-0xbfffffff]
Nov 18 07:45:00 ip-172-31-9-234 kernel: [    0.008498] ACPI: SRAT: Node 0 PXM 0 [mem 0x100000000-0x103fffffff]
Nov 18 07:45:00 ip-172-31-9-234 kernel: [    0.008507] NUMA: Initialized distance table, cnt=1
Nov 18 07:45:00 ip-172-31-9-234 kernel: [    0.008509] NUMA: Node 0 [mem 0x00000000-0xbfffffff] + [mem 0x100000000-0x100d3fffff] -> [mem 0x00000000-0x100d3fffff]
Nov 18 07:45:00 ip-172-31-9-234 kernel: [    0.008516] NODE_DATA(0) allocated [mem 0x100d3d4000-0x100d3fefff]
Nov 18 07:45:00 ip-172-31-9-234 kernel: [    0.008769] Zone ranges:
Nov 18 07:45:00 ip-172-31-9-234 kernel: [    0.008770]   DMA      [mem 0x0000000000001000-0x0000000000ffffff]
Nov 18 07:45:00 ip-172-31-9-234 kernel: [    0.008771]   DMA32    [mem 0x0000000001000000-0x00000000ffffffff]
Nov 18 07:45:00 ip-172-31-9-234 kernel: [    0.008772]   Normal   [mem 0x0000000100000000-0x000000100d3fffff]
Nov 18 07:45:00 ip-172-31-9-234 kernel: [    0.008773]   Device   empty
Nov 18 07:45:00 ip-172-31-9-234 kernel: [    0.008774] Movable zone start for each node
Nov 18 07:45:00 ip-172-31-9-234 kernel: [    0.008776] Early memory node ranges
Nov 18 07:45:00 ip-172-31-9-234 kernel: [    0.008777]   node   0: [mem 0x0000000000001000-0x000000000009efff]
Nov 18 07:45:00 ip-172-31-9-234 kernel: [    0.008778]   node   0: [mem 0x0000000000100000-0x00000000bfff8fff]
Nov 18 07:45:00 ip-172-31-9-234 kernel: [    0.008779]   node   0: [mem 0x0000000100000000-0x000000100d3fffff]
Nov 18 07:45:00 ip-172-31-9-234 kernel: [    0.008887] Zeroed struct page in unavailable ranges: 11369 pages
Nov 18 07:45:00 ip-172-31-9-234 kernel: [    0.008888] Initmem setup node 0 [mem 0x0000000000001000-0x000000100d3fffff]
Nov 18 07:45:00 ip-172-31-9-234 kernel: [    0.008889] On node 0 totalpages: 16569239
Nov 18 07:45:00 ip-172-31-9-234 kernel: [    0.008890]   DMA zone: 64 pages used for memmap
Nov 18 07:45:00 ip-172-31-9-234 kernel: [    0.008890]   DMA zone: 21 pages reserved
Nov 18 07:45:00 ip-172-31-9-234 kernel: [    0.008891]   DMA zone: 3998 pages, LIFO batch:0
Nov 18 07:45:00 ip-172-31-9-234 kernel: [    0.008950]   DMA32 zone: 12224 pages used for memmap
Nov 18 07:45:00 ip-172-31-9-234 kernel: [    0.008951]   DMA32 zone: 782329 pages, LIFO batch:63
Nov 18 07:45:00 ip-172-31-9-234 kernel: [    0.020444]   Normal zone: 246608 pages used for memmap
Nov 18 07:45:00 ip-172-31-9-234 kernel: [    0.020445]   Normal zone: 15782912 pages, LIFO batch:63
Nov 18 07:45:00 ip-172-31-9-234 kernel: [    0.229385] ACPI: PM-Timer IO Port: 0xb008
Nov 18 07:45:00 ip-172-31-9-234 kernel: [    0.229388] ACPI: Local APIC address 0xfee00000
Nov 18 07:45:00 ip-172-31-9-234 kernel: [    0.229397] ACPI: LAPIC_NMI (acpi_id[0xff] dfl dfl lint[0x1])
Nov 18 07:45:00 ip-172-31-9-234 kernel: [    0.229424] IOAPIC[0]: apic_id 0, version 17, address 0xfec00000, GSI 0-23
Nov 18 07:45:00 ip-172-31-9-234 kernel: [    0.229427] ACPI: INT_SRC_OVR (bus 0 bus_irq 5 global_irq 5 high level)
Nov 18 07:45:00 ip-172-31-9-234 kernel: [    0.229428] ACPI: INT_SRC_OVR (bus 0 bus_irq 9 global_irq 9 high level)
Nov 18 07:45:00 ip-172-31-9-234 kernel: [    0.229429] ACPI: INT_SRC_OVR (bus 0 bus_irq 10 global_irq 10 high level)
Nov 18 07:45:00 ip-172-31-9-234 kernel: [    0.229430] ACPI: INT_SRC_OVR (bus 0 bus_irq 11 global_irq 11 high level)
Nov 18 07:45:00 ip-172-31-9-234 kernel: [    0.229432] ACPI: IRQ5 used by override.
Nov 18 07:45:00 ip-172-31-9-234 kernel: [    0.229432] ACPI: IRQ9 used by override.
Nov 18 07:45:00 ip-172-31-9-234 kernel: [    0.229432] ACPI: IRQ10 used by override.
Nov 18 07:45:00 ip-172-31-9-234 kernel: [    0.229433] ACPI: IRQ11 used by override.
Nov 18 07:45:00 ip-172-31-9-234 kernel: [    0.229434] Using ACPI (MADT) for SMP configuration information
Nov 18 07:45:00 ip-172-31-9-234 kernel: [    0.229436] TSC deadline timer available
Nov 18 07:45:00 ip-172-31-9-234 kernel: [    0.229437] smpboot: Allowing 16 CPUs, 0 hotplug CPUs
Nov 18 07:45:00 ip-172-31-9-234 kernel: [    0.229460] PM: Registered nosave memory: [mem 0x00000000-0x00000fff]
Nov 18 07:45:00 ip-172-31-9-234 kernel: [    0.229463] PM: Registered nosave memory: [mem 0x0009f000-0x0009ffff]
Nov 18 07:45:00 ip-172-31-9-234 kernel: [    0.229464] PM: Registered nosave memory: [mem 0x000a0000-0x000effff]
Nov 18 07:45:00 ip-172-31-9-234 kernel: [    0.229466] PM: Registered nosave memory: [mem 0x000f0000-0x000fffff]
Nov 18 07:45:00 ip-172-31-9-234 kernel: [    0.229469] PM: Registered nosave memory: [mem 0xbfff9000-0xbfffffff]
Nov 18 07:45:00 ip-172-31-9-234 kernel: [    0.229470] PM: Registered nosave memory: [mem 0xc0000000-0xdfffffff]
Nov 18 07:45:00 ip-172-31-9-234 kernel: [    0.229472] PM: Registered nosave memory: [mem 0xe0000000-0xe03fffff]
Nov 18 07:45:00 ip-172-31-9-234 kernel: [    0.229473] PM: Registered nosave memory: [mem 0xe0400000-0xfffbffff]
Nov 18 07:45:00 ip-172-31-9-234 kernel: [    0.229474] PM: Registered nosave memory: [mem 0xfffc0000-0xffffffff]
Nov 18 07:45:00 ip-172-31-9-234 kernel: [    0.229477] [mem 0xc0000000-0xdfffffff] available for PCI devices
Nov 18 07:45:00 ip-172-31-9-234 kernel: [    0.229478] Booting paravirtualized kernel on KVM
Nov 18 07:45:00 ip-172-31-9-234 kernel: [    0.229481] clocksource: refined-jiffies: mask: 0xffffffff max_cycles: 0xffffffff, max_idle_ns: 7645519600211568 ns
Nov 18 07:45:00 ip-172-31-9-234 kernel: [    0.229488] setup_percpu: NR_CPUS:8192 nr_cpumask_bits:16 nr_cpu_ids:16 nr_node_ids:1
Nov 18 07:45:00 ip-172-31-9-234 kernel: [    0.230212] percpu: Embedded 54 pages/cpu s184320 r8192 d28672 u262144
Nov 18 07:45:00 ip-172-31-9-234 kernel: [    0.230216] pcpu-alloc: s184320 r8192 d28672 u262144 alloc=1*2097152
Nov 18 07:45:00 ip-172-31-9-234 kernel: [    0.230217] pcpu-alloc: [0] 00 01 02 03 04 05 06 07 [0] 08 09 10 11 12 13 14 15 
Nov 18 07:45:00 ip-172-31-9-234 kernel: [    0.230239] KVM setup async PF for cpu 0
Nov 18 07:45:00 ip-172-31-9-234 kernel: [    0.230244] kvm-stealtime: cpu 0, msr fcd82c040
Nov 18 07:45:00 ip-172-31-9-234 kernel: [    0.230248] Built 1 zonelists, mobility grouping on.  Total pages: 16310322
Nov 18 07:45:00 ip-172-31-9-234 kernel: [    0.230249] Policy zone: Normal
Nov 18 07:45:00 ip-172-31-9-234 kernel: [    0.230250] Kernel command line: BOOT_IMAGE=/boot/vmlinuz-5.4.0-1029-aws root=LABEL=cloudimg-rootfs ro console=tty1 console=ttyS0 nvme_core.io_timeout=4294967295
Nov 18 07:45:00 ip-172-31-9-234 kernel: [    0.239406] Dentry cache hash table entries: 8388608 (order: 14, 67108864 bytes, linear)
Nov 18 07:45:00 ip-172-31-9-234 kernel: [    0.243982] Inode-cache hash table entries: 4194304 (order: 13, 33554432 bytes, linear)
Nov 18 07:45:00 ip-172-31-9-234 kernel: [    0.244109] mem auto-init: stack:off, heap alloc:on, heap free:off
Nov 18 07:45:00 ip-172-31-9-234 kernel: [    0.253335] Calgary: detecting Calgary via BIOS EBDA area
Nov 18 07:45:00 ip-172-31-9-234 kernel: [    0.253337] Calgary: Unable to locate Rio Grande table in EBDA - bailing!
Nov 18 07:45:00 ip-172-31-9-234 kernel: [    0.384840] Memory: 65019432K/66276956K available (14339K kernel code, 2311K rwdata, 4604K rodata, 2648K init, 5144K bss, 1257524K reserved, 0K cma-reserved)
Nov 18 07:45:00 ip-172-31-9-234 kernel: [    0.384848] random: get_random_u64 called from __kmem_cache_create+0x41/0x550 with crng_init=0
Nov 18 07:45:00 ip-172-31-9-234 kernel: [    0.384981] SLUB: HWalign=64, Order=0-3, MinObjects=0, CPUs=16, Nodes=1
Nov 18 07:45:00 ip-172-31-9-234 kernel: [    0.384993] Kernel/User page tables isolation: enabled
Nov 18 07:45:00 ip-172-31-9-234 kernel: [    0.385007] ftrace: allocating 42730 entries in 167 pages
Nov 18 07:45:00 ip-172-31-9-234 kernel: [    0.400191] rcu: Hierarchical RCU implementation.
Nov 18 07:45:00 ip-172-31-9-234 kernel: [    0.400193] rcu: 	RCU restricting CPUs from NR_CPUS=8192 to nr_cpu_ids=16.
Nov 18 07:45:00 ip-172-31-9-234 kernel: [    0.400194] 	Tasks RCU enabled.
Nov 18 07:45:00 ip-172-31-9-234 kernel: [    0.400195] rcu: RCU calculated value of scheduler-enlistment delay is 25 jiffies.
Nov 18 07:45:00 ip-172-31-9-234 kernel: [    0.400196] rcu: Adjusting geometry for rcu_fanout_leaf=16, nr_cpu_ids=16
Nov 18 07:45:00 ip-172-31-9-234 kernel: [    0.402529] NR_IRQS: 524544, nr_irqs: 552, preallocated irqs: 16
Nov 18 07:45:00 ip-172-31-9-234 kernel: [    0.402726] random: crng done (trusting CPU's manufacturer)
Nov 18 07:45:00 ip-172-31-9-234 kernel: [    0.499278] Console: colour VGA+ 80x25
Nov 18 07:45:00 ip-172-31-9-234 kernel: [    0.833961] printk: console [tty1] enabled
Nov 18 07:45:00 ip-172-31-9-234 kernel: [    0.961811] printk: console [ttyS0] enabled
Nov 18 07:45:00 ip-172-31-9-234 kernel: [    0.964516] ACPI: Core revision 20190816
Nov 18 07:45:00 ip-172-31-9-234 kernel: [    0.967161] APIC: Switch to symmetric I/O mode setup
Nov 18 07:45:00 ip-172-31-9-234 kernel: [    0.970493] x2apic enabled
Nov 18 07:45:00 ip-172-31-9-234 kernel: [    0.973588] Switched APIC routing to physical x2apic.
Nov 18 07:45:00 ip-172-31-9-234 kernel: [    0.977951] clocksource: tsc-early: mask: 0xffffffffffffffff max_cycles: 0x240937b9988, max_idle_ns: 440795218083 ns
Nov 18 07:45:00 ip-172-31-9-234 kernel: [    0.983920] Calibrating delay loop (skipped) preset value.. 4999.99 BogoMIPS (lpj=9999992)
Nov 18 07:45:00 ip-172-31-9-234 kernel: [    0.987917] pid_max: default: 32768 minimum: 301
Nov 18 07:45:00 ip-172-31-9-234 kernel: [    0.987917] LSM: Security Framework initializing
Nov 18 07:45:00 ip-172-31-9-234 kernel: [    0.987917] Yama: becoming mindful.
Nov 18 07:45:00 ip-172-31-9-234 kernel: [    0.987917] AppArmor: AppArmor initialized
Nov 18 07:45:00 ip-172-31-9-234 kernel: [    0.987917] Mount-cache hash table entries: 131072 (order: 8, 1048576 bytes, linear)
Nov 18 07:45:00 ip-172-31-9-234 kernel: [    0.987917] Mountpoint-cache hash table entries: 131072 (order: 8, 1048576 bytes, linear)
Nov 18 07:45:00 ip-172-31-9-234 kernel: [    0.987917] *** VALIDATE tmpfs ***
Nov 18 07:45:00 ip-172-31-9-234 kernel: [    0.987917] *** VALIDATE proc ***
Nov 18 07:45:00 ip-172-31-9-234 kernel: [    0.987917] *** VALIDATE cgroup1 ***
Nov 18 07:45:00 ip-172-31-9-234 kernel: [    0.987917] *** VALIDATE cgroup2 ***
Nov 18 07:45:00 ip-172-31-9-234 kernel: [    0.987917] Last level iTLB entries: 4KB 64, 2MB 8, 4MB 8
Nov 18 07:45:00 ip-172-31-9-234 kernel: [    0.987917] Last level dTLB entries: 4KB 64, 2MB 0, 4MB 0, 1GB 4
Nov 18 07:45:00 ip-172-31-9-234 kernel: [    0.987917] Spectre V1 : Mitigation: usercopy/swapgs barriers and __user pointer sanitization
Nov 18 07:45:00 ip-172-31-9-234 kernel: [    0.987917] Spectre V2 : Mitigation: Full generic retpoline
Nov 18 07:45:00 ip-172-31-9-234 kernel: [    0.987917] Spectre V2 : Spectre v2 / SpectreRSB mitigation: Filling RSB on context switch
Nov 18 07:45:00 ip-172-31-9-234 kernel: [    0.987917] Speculative Store Bypass: Vulnerable
Nov 18 07:45:00 ip-172-31-9-234 kernel: [    0.987917] MDS: Vulnerable: Clear CPU buffers attempted, no microcode
Nov 18 07:45:00 ip-172-31-9-234 kernel: [    0.987917] Freeing SMP alternatives memory: 40K
Nov 18 07:45:00 ip-172-31-9-234 kernel: [    0.987917] smpboot: CPU0: Intel(R) Xeon(R) Platinum 8259CL CPU @ 2.50GHz (family: 0x6, model: 0x55, stepping: 0x7)
Nov 18 07:45:00 ip-172-31-9-234 kernel: [    0.988043] Performance Events: unsupported p6 CPU model 85 no PMU driver, software events only.
Nov 18 07:45:00 ip-172-31-9-234 kernel: [    0.991951] rcu: Hierarchical SRCU implementation.
Nov 18 07:45:00 ip-172-31-9-234 kernel: [    0.995657] NMI watchdog: Perf NMI watchdog permanently disabled
Nov 18 07:45:00 ip-172-31-9-234 kernel: [    0.996104] smp: Bringing up secondary CPUs ...
Nov 18 07:45:00 ip-172-31-9-234 kernel: [    0.998999] x86: Booting SMP configuration:
Nov 18 07:45:00 ip-172-31-9-234 kernel: [    0.999923] .... node  #0, CPUs:        #1
Nov 18 07:45:00 ip-172-31-9-234 kernel: [    0.585236] kvm-clock: cpu 1, msr 7bfc01041, secondary cpu clock
Nov 18 07:45:00 ip-172-31-9-234 kernel: [    1.000834] KVM setup async PF for cpu 1
Nov 18 07:45:00 ip-172-31-9-234 kernel: [    1.003917] kvm-stealtime: cpu 1, msr fcd86c040
Nov 18 07:45:00 ip-172-31-9-234 kernel: [    1.008011]   #2
Nov 18 07:45:00 ip-172-31-9-234 kernel: [    0.585236] kvm-clock: cpu 2, msr 7bfc01081, secondary cpu clock
Nov 18 07:45:00 ip-172-31-9-234 kernel: [    1.008600] KVM setup async PF for cpu 2
Nov 18 07:45:00 ip-172-31-9-234 kernel: [    1.011917] kvm-stealtime: cpu 2, msr fcd8ac040
Nov 18 07:45:00 ip-172-31-9-234 kernel: [    1.016009]   #3
Nov 18 07:45:00 ip-172-31-9-234 kernel: [    0.585236] kvm-clock: cpu 3, msr 7bfc010c1, secondary cpu clock
Nov 18 07:45:00 ip-172-31-9-234 kernel: [    1.016594] KVM setup async PF for cpu 3
Nov 18 07:45:00 ip-172-31-9-234 kernel: [    1.019917] kvm-stealtime: cpu 3, msr fcd8ec040
Nov 18 07:45:00 ip-172-31-9-234 kernel: [    1.024012]   #4
Nov 18 07:45:00 ip-172-31-9-234 kernel: [    0.585236] kvm-clock: cpu 4, msr 7bfc01101, secondary cpu clock
Nov 18 07:45:00 ip-172-31-9-234 kernel: [    1.028317] KVM setup async PF for cpu 4
Nov 18 07:45:00 ip-172-31-9-234 kernel: [    1.031917] kvm-stealtime: cpu 4, msr fcd92c040
Nov 18 07:45:00 ip-172-31-9-234 kernel: [    1.036018]   #5
Nov 18 07:45:00 ip-172-31-9-234 kernel: [    0.585236] kvm-clock: cpu 5, msr 7bfc01141, secondary cpu clock
Nov 18 07:45:00 ip-172-31-9-234 kernel: [    1.036603] KVM setup async PF for cpu 5
Nov 18 07:45:00 ip-172-31-9-234 kernel: [    1.039917] kvm-stealtime: cpu 5, msr fcd96c040
Nov 18 07:45:00 ip-172-31-9-234 kernel: [    1.044006]   #6
Nov 18 07:45:00 ip-172-31-9-234 kernel: [    0.585236] kvm-clock: cpu 6, msr 7bfc01181, secondary cpu clock
Nov 18 07:45:00 ip-172-31-9-234 kernel: [    1.044592] KVM setup async PF for cpu 6
Nov 18 07:45:00 ip-172-31-9-234 kernel: [    1.047917] kvm-stealtime: cpu 6, msr fcd9ac040
Nov 18 07:45:00 ip-172-31-9-234 kernel: [    1.052022]   #7
Nov 18 07:45:00 ip-172-31-9-234 kernel: [    0.585236] kvm-clock: cpu 7, msr 7bfc011c1, secondary cpu clock
Nov 18 07:45:00 ip-172-31-9-234 kernel: [    1.052610] KVM setup async PF for cpu 7
Nov 18 07:45:00 ip-172-31-9-234 kernel: [    1.055917] kvm-stealtime: cpu 7, msr fcd9ec040
Nov 18 07:45:00 ip-172-31-9-234 kernel: [    1.064005]   #8
Nov 18 07:45:00 ip-172-31-9-234 kernel: [    0.585236] kvm-clock: cpu 8, msr 7bfc01201, secondary cpu clock
Nov 18 07:45:00 ip-172-31-9-234 kernel: [    1.064748] KVM setup async PF for cpu 8
Nov 18 07:45:00 ip-172-31-9-234 kernel: [    1.067917] kvm-stealtime: cpu 8, msr fcda2c040
Nov 18 07:45:00 ip-172-31-9-234 kernel: [    1.071985] MDS CPU bug present and SMT on, data leak possible. See https://www.kernel.org/doc/html/latest/admin-guide/hw-vuln/mds.html for more details.
Nov 18 07:45:00 ip-172-31-9-234 kernel: [    1.076026]   #9
Nov 18 07:45:00 ip-172-31-9-234 kernel: [    0.585236] kvm-clock: cpu 9, msr 7bfc01241, secondary cpu clock
Nov 18 07:45:00 ip-172-31-9-234 kernel: [    1.076611] KVM setup async PF for cpu 9
Nov 18 07:45:00 ip-172-31-9-234 kernel: [    1.079917] kvm-stealtime: cpu 9, msr fcda6c040
Nov 18 07:45:00 ip-172-31-9-234 kernel: [    1.084021]  #10
Nov 18 07:45:00 ip-172-31-9-234 kernel: [    0.585236] kvm-clock: cpu 10, msr 7bfc01281, secondary cpu clock
Nov 18 07:45:00 ip-172-31-9-234 kernel: [    1.084598] KVM setup async PF for cpu 10
Nov 18 07:45:00 ip-172-31-9-234 kernel: [    1.087917] kvm-stealtime: cpu 10, msr fcdaac040
Nov 18 07:45:00 ip-172-31-9-234 kernel: [    1.092010]  #11
Nov 18 07:45:00 ip-172-31-9-234 systemd[1]: Starting Flush Journal to Persistent Storage...
Nov 18 07:45:00 ip-172-31-9-234 systemd-modules-load[510]: Inserted module 'iscsi_tcp'
Nov 18 07:45:00 ip-172-31-9-234 systemd[1]: Started Create Static Device Nodes in /dev.
Nov 18 07:45:00 ip-172-31-9-234 systemd[1]: Starting udev Kernel Device Manager...
Nov 18 07:45:00 ip-172-31-9-234 systemd[1]: Started Flush Journal to Persistent Storage.
Nov 18 07:45:00 ip-172-31-9-234 systemd[1]: Started udev Coldplug all Devices.
Nov 18 07:45:00 ip-172-31-9-234 systemd[1]: Started udev Kernel Device Manager.
Nov 18 07:45:00 ip-172-31-9-234 systemd[1]: Started LVM2 metadata daemon.
Nov 18 07:45:00 ip-172-31-9-234 systemd-modules-load[510]: Inserted module 'ib_iser'
Nov 18 07:45:00 ip-172-31-9-234 kernel: [    0.585236] kvm-clock: cpu 11, msr 7bfc012c1, secondary cpu clock
Nov 18 07:45:00 ip-172-31-9-234 kernel: [    1.092594] KVM setup async PF for cpu 11
Nov 18 07:45:00 ip-172-31-9-234 kernel: [    1.095917] kvm-stealtime: cpu 11, msr fcdaec040
Nov 18 07:45:00 ip-172-31-9-234 kernel: [    1.100012]  #12
Nov 18 07:45:00 ip-172-31-9-234 kernel: [    0.585236] kvm-clock: cpu 12, msr 7bfc01301, secondary cpu clock
Nov 18 07:45:00 ip-172-31-9-234 systemd[1]: Started Load Kernel Modules.
Nov 18 07:45:00 ip-172-31-9-234 kernel: [    1.104316] KVM setup async PF for cpu 12
Nov 18 07:45:00 ip-172-31-9-234 kernel: [    1.107917] kvm-stealtime: cpu 12, msr fcdb2c040
Nov 18 07:45:00 ip-172-31-9-234 kernel: [    1.112027]  #13
Nov 18 07:45:00 ip-172-31-9-234 kernel: [    0.585236] kvm-clock: cpu 13, msr 7bfc01341, secondary cpu clock
Nov 18 07:45:00 ip-172-31-9-234 systemd[1]: Mounting FUSE Control File System...
Nov 18 07:45:00 ip-172-31-9-234 kernel: [    1.112609] KVM setup async PF for cpu 13
Nov 18 07:45:00 ip-172-31-9-234 kernel: [    1.115917] kvm-stealtime: cpu 13, msr fcdb6c040
Nov 18 07:45:00 ip-172-31-9-234 kernel: [    1.120005]  #14
Nov 18 07:45:00 ip-172-31-9-234 kernel: [    0.585236] kvm-clock: cpu 14, msr 7bfc01381, secondary cpu clock
Nov 18 07:45:00 ip-172-31-9-234 kernel: [    1.120576] KVM setup async PF for cpu 14
Nov 18 07:45:00 ip-172-31-9-234 kernel: [    1.123917] kvm-stealtime: cpu 14, msr fcdbac040
Nov 18 07:45:00 ip-172-31-9-234 systemd[1]: Mounting Kernel Configuration File System...
Nov 18 07:45:00 ip-172-31-9-234 kernel: [    1.128012]  #15
Nov 18 07:45:00 ip-172-31-9-234 kernel: [    0.585236] kvm-clock: cpu 15, msr 7bfc013c1, secondary cpu clock
Nov 18 07:45:00 ip-172-31-9-234 kernel: [    1.132071] KVM setup async PF for cpu 15
Nov 18 07:45:00 ip-172-31-9-234 kernel: [    1.135917] kvm-stealtime: cpu 15, msr fcdbec040
Nov 18 07:45:00 ip-172-31-9-234 systemd[1]: Starting Apply Kernel Variables...
Nov 18 07:45:00 ip-172-31-9-234 kernel: [    1.139949] smp: Brought up 1 node, 16 CPUs
Nov 18 07:45:00 ip-172-31-9-234 kernel: [    1.142661] smpboot: Max logical packages: 1
Nov 18 07:45:00 ip-172-31-9-234 kernel: [    1.143922] smpboot: Total of 16 processors activated (79999.93 BogoMIPS)
Nov 18 07:45:00 ip-172-31-9-234 systemd[1]: Mounted FUSE Control File System.
Nov 18 07:45:00 ip-172-31-9-234 kernel: [    1.149967] devtmpfs: initialized
Nov 18 07:45:00 ip-172-31-9-234 systemd[1]: Mounted Kernel Configuration File System.
Nov 18 07:45:00 ip-172-31-9-234 kernel: [    1.151959] x86/mm: Memory block size: 128MB
Nov 18 07:45:00 ip-172-31-9-234 kernel: [    1.163927] clocksource: jiffies: mask: 0xffffffff max_cycles: 0xffffffff, max_idle_ns: 7645041785100000 ns
Nov 18 07:45:00 ip-172-31-9-234 systemd[1]: Started Monitoring of LVM2 mirrors, snapshots etc. using dmeventd or progress polling.
Nov 18 07:45:00 ip-172-31-9-234 systemd[1]: Started Apply Kernel Variables.
Nov 18 07:45:00 ip-172-31-9-234 systemd[1]: Found device /dev/ttyS0.
Nov 18 07:45:00 ip-172-31-9-234 kernel: [    1.167971] futex hash table entries: 4096 (order: 6, 262144 bytes, linear)
Nov 18 07:45:00 ip-172-31-9-234 systemd-udevd[575]: link_config: autonegotiation is unset or enabled, the speed and duplex are not writable.
Nov 18 07:45:00 ip-172-31-9-234 kernel: [    1.171701] pinctrl core: initialized pinctrl subsystem
Nov 18 07:45:00 ip-172-31-9-234 kernel: [    1.172104] PM: RTC time: 07:44:42, date: 2020-11-18
Nov 18 07:45:00 ip-172-31-9-234 kernel: [    1.175224] NET: Registered protocol family 16
Nov 18 07:45:00 ip-172-31-9-234 kernel: [    1.175991] audit: initializing netlink subsys (disabled)
Nov 18 07:45:00 ip-172-31-9-234 kernel: [    1.179051] audit: type=2000 audit(1605685481.681:1): state=initialized audit_enabled=0 res=1
Nov 18 07:45:00 ip-172-31-9-234 kernel: [    1.179051] EISA bus registered
Nov 18 07:45:00 ip-172-31-9-234 kernel: [    1.182300] cpuidle: using governor ladder
Nov 18 07:45:00 ip-172-31-9-234 kernel: [    1.183938] cpuidle: using governor menu
Nov 18 07:45:00 ip-172-31-9-234 kernel: [    1.186599] ACPI: bus type PCI registered
Nov 18 07:45:00 ip-172-31-9-234 kernel: [    1.187922] acpiphp: ACPI Hot Plug PCI Controller Driver version: 0.5
Nov 18 07:45:00 ip-172-31-9-234 kernel: [    1.191432] PCI: Using configuration type 1 for base access
Nov 18 07:45:00 ip-172-31-9-234 kernel: [    1.204011] HugeTLB registered 1.00 GiB page size, pre-allocated 0 pages
Nov 18 07:45:00 ip-172-31-9-234 kernel: [    1.207922] HugeTLB registered 2.00 MiB page size, pre-allocated 0 pages
Nov 18 07:45:00 ip-172-31-9-234 kernel: [    1.212046] ACPI: Added _OSI(Module Device)
Nov 18 07:45:00 ip-172-31-9-234 kernel: [    1.215921] ACPI: Added _OSI(Processor Device)
Nov 18 07:45:00 ip-172-31-9-234 kernel: [    1.218733] ACPI: Added _OSI(3.0 _SCP Extensions)
Nov 18 07:45:00 ip-172-31-9-234 kernel: [    1.219921] ACPI: Added _OSI(Processor Aggregator Device)
Nov 18 07:45:00 ip-172-31-9-234 kernel: [    1.223019] ACPI: Added _OSI(Linux-Dell-Video)
Nov 18 07:45:00 ip-172-31-9-234 kernel: [    1.227921] ACPI: Added _OSI(Linux-Lenovo-NV-HDMI-Audio)
Nov 18 07:45:00 ip-172-31-9-234 systemd[1]: Listening on Load/Save RF Kill Switch Status /dev/rfkill Watch.
Nov 18 07:45:00 ip-172-31-9-234 kernel: [    1.230974] ACPI: Added _OSI(Linux-HPI-Hybrid-Graphics)
Nov 18 07:45:00 ip-172-31-9-234 kernel: [    1.232811] ACPI: 2 ACPI AML tables successfully acquired and loaded
Nov 18 07:45:00 ip-172-31-9-234 kernel: [    1.237071] ACPI: Interpreter enabled
Nov 18 07:45:00 ip-172-31-9-234 kernel: [    1.239611] ACPI: (supports S0 S4 S5)
Nov 18 07:45:00 ip-172-31-9-234 kernel: [    1.243921] ACPI: Using IOAPIC for interrupt routing
Nov 18 07:45:00 ip-172-31-9-234 kernel: [    1.246880] PCI: Using host bridge windows from ACPI; if necessary, use "pci=nocrs" and report a bug
Nov 18 07:45:00 ip-172-31-9-234 kernel: [    1.252180] ACPI: Enabled 16 GPEs in block 00 to 0F
Nov 18 07:45:00 ip-172-31-9-234 kernel: [    1.257418] ACPI: PCI Root Bridge [PCI0] (domain 0000 [bus 00-ff])
Nov 18 07:45:00 ip-172-31-9-234 kernel: [    1.259924] acpi PNP0A03:00: _OSC: OS supports [ASPM ClockPM Segments MSI HPX-Type3]
Nov 18 07:45:00 ip-172-31-9-234 systemd-udevd[580]: link_config: autonegotiation is unset or enabled, the speed and duplex are not writable.
Nov 18 07:45:00 ip-172-31-9-234 systemd[1]: Started Set the console keyboard layout.
Nov 18 07:45:00 ip-172-31-9-234 kernel: [    1.263927] acpi PNP0A03:00: fail to add MMCONFIG information, can't access extended PCI configuration space under this bridge.
Nov 18 07:45:00 ip-172-31-9-234 systemd[1]: Reached target Local File Systems (Pre).
Nov 18 07:45:00 ip-172-31-9-234 kernel: [    1.272173] acpiphp: Slot [3] registered
Nov 18 07:45:00 ip-172-31-9-234 systemd[1]: Reached target Local File Systems.
Nov 18 07:45:00 ip-172-31-9-234 kernel: [    1.274789] acpiphp: Slot [4] registered
Nov 18 07:45:00 ip-172-31-9-234 kernel: [    1.275934] acpiphp: Slot [5] registered
Nov 18 07:45:00 ip-172-31-9-234 kernel: [    1.278564] acpiphp: Slot [6] registered
Nov 18 07:45:00 ip-172-31-9-234 kernel: [    1.283933] acpiphp: Slot [7] registered
Nov 18 07:45:00 ip-172-31-9-234 systemd[1]: Starting Create Volatile Files and Directories...
Nov 18 07:45:00 ip-172-31-9-234 kernel: [    1.286554] acpiphp: Slot [8] registered
Nov 18 07:45:00 ip-172-31-9-234 kernel: [    1.287936] acpiphp: Slot [9] registered
Nov 18 07:45:00 ip-172-31-9-234 kernel: [    1.290539] acpiphp: Slot [10] registered
Nov 18 07:45:00 ip-172-31-9-234 systemd[1]: Starting Commit a transient machine-id on disk...
Nov 18 07:45:00 ip-172-31-9-234 kernel: [    1.291934] acpiphp: Slot [11] registered
Nov 18 07:45:00 ip-172-31-9-234 systemd[1]: Starting ebtables ruleset management...
Nov 18 07:45:00 ip-172-31-9-234 kernel: [    1.294570] acpiphp: Slot [12] registered
Nov 18 07:45:00 ip-172-31-9-234 kernel: [    1.299933] acpiphp: Slot [13] registered
Nov 18 07:45:00 ip-172-31-9-234 kernel: [    1.302551] acpiphp: Slot [14] registered
Nov 18 07:45:00 ip-172-31-9-234 systemd[1]: Starting Tell Plymouth To Write Out Runtime Data...
Nov 18 07:45:00 ip-172-31-9-234 kernel: [    1.303935] acpiphp: Slot [15] registered
Nov 18 07:45:00 ip-172-31-9-234 kernel: [    1.306589] acpiphp: Slot [16] registered
Nov 18 07:45:00 ip-172-31-9-234 kernel: [    1.307935] acpiphp: Slot [17] registered
Nov 18 07:45:00 ip-172-31-9-234 kernel: [    1.310608] acpiphp: Slot [18] registered
Nov 18 07:45:00 ip-172-31-9-234 kernel: [    1.311934] acpiphp: Slot [19] registered
Nov 18 07:45:00 ip-172-31-9-234 systemd[1]: Starting Set console font and keymap...
Nov 18 07:45:00 ip-172-31-9-234 systemd[1]: Starting AppArmor initialization...
Nov 18 07:45:00 ip-172-31-9-234 kernel: [    1.314552] acpiphp: Slot [20] registered
Nov 18 07:45:00 ip-172-31-9-234 systemd[1]: Started Dispatch Password Requests to Console Directory Watch.
Nov 18 07:45:00 ip-172-31-9-234 kernel: [    1.319939] acpiphp: Slot [21] registered
Nov 18 07:45:00 ip-172-31-9-234 kernel: [    1.322604] acpiphp: Slot [22] registered
Nov 18 07:45:00 ip-172-31-9-234 kernel: [    1.323935] acpiphp: Slot [23] registered
Nov 18 07:45:00 ip-172-31-9-234 kernel: [    1.326583] acpiphp: Slot [24] registered
Nov 18 07:45:00 ip-172-31-9-234 systemd[1]: Reached target Local Encrypted Volumes.
Nov 18 07:45:00 ip-172-31-9-234 systemd[1]: Started Create Volatile Files and Directories.
Nov 18 07:45:00 ip-172-31-9-234 systemd[1]: Starting Network Time Synchronization...
Nov 18 07:45:00 ip-172-31-9-234 kernel: [    1.327933] acpiphp: Slot [25] registered
Nov 18 07:45:00 ip-172-31-9-234 kernel: [    1.330577] acpiphp: Slot [26] registered
Nov 18 07:45:00 ip-172-31-9-234 kernel: [    1.335935] acpiphp: Slot [27] registered
Nov 18 07:45:00 ip-172-31-9-234 systemd[1]: Starting Update UTMP about System Boot/Shutdown...
Nov 18 07:45:00 ip-172-31-9-234 kernel: [    1.338566] acpiphp: Slot [28] registered
Nov 18 07:45:00 ip-172-31-9-234 systemd[1]: Started Commit a transient machine-id on disk.
Nov 18 07:45:00 ip-172-31-9-234 kernel: [    1.339934] acpiphp: Slot [29] registered
Nov 18 07:45:00 ip-172-31-9-234 systemd[1]: Started Tell Plymouth To Write Out Runtime Data.
Nov 18 07:45:00 ip-172-31-9-234 kernel: [    1.342646] acpiphp: Slot [30] registered
Nov 18 07:45:00 ip-172-31-9-234 kernel: [    1.343933] acpiphp: Slot [31] registered
Nov 18 07:45:00 ip-172-31-9-234 kernel: [    1.346691] PCI host bridge to bus 0000:00
Nov 18 07:45:00 ip-172-31-9-234 kernel: [    1.351922] pci_bus 0000:00: root bus resource [io  0x0000-0x0cf7 window]
Nov 18 07:45:00 ip-172-31-9-234 systemd[1]: Started Update UTMP about System Boot/Shutdown.
Nov 18 07:45:00 ip-172-31-9-234 kernel: [    1.355616] pci_bus 0000:00: root bus resource [io  0x0d00-0xffff window]
Nov 18 07:45:00 ip-172-31-9-234 kernel: [    1.359921] pci_bus 0000:00: root bus resource [mem 0x000a0000-0x000bffff window]
Nov 18 07:45:00 ip-172-31-9-234 kernel: [    1.363921] pci_bus 0000:00: root bus resource [mem 0xc0000000-0xfebfffff window]
Nov 18 07:45:00 ip-172-31-9-234 kernel: [    1.367921] pci_bus 0000:00: root bus resource [bus 00-ff]
Nov 18 07:45:00 ip-172-31-9-234 kernel: [    1.371117] pci 0000:00:00.0: [8086:1237] type 00 class 0x060000
Nov 18 07:45:00 ip-172-31-9-234 apparmor[690]:  * Starting AppArmor profiles
Nov 18 07:45:00 ip-172-31-9-234 kernel: [    1.376491] pci 0000:00:01.0: [8086:7000] type 00 class 0x060100
Nov 18 07:45:00 ip-172-31-9-234 systemd[1]: Started ebtables ruleset management.
Nov 18 07:45:00 ip-172-31-9-234 systemd[1]: Started Network Time Synchronization.
Nov 18 07:45:00 ip-172-31-9-234 kernel: [    1.380701] pci 0000:00:01.3: [8086:7113] type 00 class 0x000000
Nov 18 07:45:00 ip-172-31-9-234 kernel: [    1.384651] pci 0000:00:01.3: quirk: [io  0xb000-0xb03f] claimed by PIIX4 ACPI
Nov 18 07:45:00 ip-172-31-9-234 kernel: [    1.387933] pci 0000:00:01.3: quirk: [io  0xb100-0xb10f] claimed by PIIX4 SMB
Nov 18 07:45:00 ip-172-31-9-234 kernel: [    1.391612] pci 0000:00:01.3: PIIX4 devres E PIO at fff0-ffff
Nov 18 07:45:00 ip-172-31-9-234 systemd[1]: Reached target System Time Synchronized.
Nov 18 07:45:00 ip-172-31-9-234 kernel: [    1.395933] pci 0000:00:01.3: PIIX4 devres F MMIO at ffc00000-ffffffff
Nov 18 07:45:00 ip-172-31-9-234 kernel: [    1.399450] pci 0000:00:01.3: PIIX4 devres G PIO at fff0-ffff
Nov 18 07:45:00 ip-172-31-9-234 kernel: [    1.403934] pci 0000:00:01.3: PIIX4 devres H MMIO at ffc00000-ffffffff
Nov 18 07:45:00 ip-172-31-9-234 kernel: [    1.407418] pci 0000:00:01.3: PIIX4 devres I PIO at fff0-ffff
Nov 18 07:45:00 ip-172-31-9-234 kernel: [    1.407934] pci 0000:00:01.3: PIIX4 devres J PIO at fff0-ffff
Nov 18 07:45:00 ip-172-31-9-234 apparmor[690]: Skipping profile in /etc/apparmor.d/disable: usr.sbin.rsyslogd
Nov 18 07:45:00 ip-172-31-9-234 kernel: [    1.411141] pci 0000:00:01.3: quirk_piix4_acpi+0x0/0x160 took 27343 usecs
Nov 18 07:45:00 ip-172-31-9-234 kernel: [    1.416568] pci 0000:00:03.0: [1d0f:1111] type 00 class 0x030000
Nov 18 07:45:00 ip-172-31-9-234 kernel: [    1.420168] pci 0000:00:03.0: reg 0x10: [mem 0xfe400000-0xfe7fffff pref]
Nov 18 07:45:00 ip-172-31-9-234 apparmor[690]:    ...done.
Nov 18 07:45:00 ip-172-31-9-234 kernel: [    1.424461] pci 0000:00:03.0: reg 0x30: [mem 0xfebd0000-0xfebdffff pref]
Nov 18 07:45:00 ip-172-31-9-234 systemd[1]: Started AppArmor initialization.
Nov 18 07:45:00 ip-172-31-9-234 kernel: [    1.428380] pci 0000:00:04.0: [1d0f:8061] type 00 class 0x010802
Nov 18 07:45:00 ip-172-31-9-234 systemd[1]: Starting Load AppArmor profiles managed internally by snapd...
Nov 18 07:45:00 ip-172-31-9-234 kernel: [    1.432534] pci 0000:00:04.0: reg 0x10: [mem 0xfebf0000-0xfebf3fff]
Nov 18 07:45:00 ip-172-31-9-234 kernel: [    1.441498] pci 0000:00:05.0: [1d0f:ec20] type 00 class 0x020000
Nov 18 07:45:00 ip-172-31-9-234 systemd[1]: Starting Initial cloud-init job (pre-networking)...
Nov 18 07:45:00 ip-172-31-9-234 kernel: [    1.445676] pci 0000:00:05.0: reg 0x10: [mem 0xfebf4000-0xfebf7fff]
Nov 18 07:45:00 ip-172-31-9-234 kernel: [    1.455213] pci 0000:00:05.0: reg 0x18: [mem 0xfe800000-0xfe8fffff pref]
Nov 18 07:45:00 ip-172-31-9-234 kernel: [    1.459183] pci 0000:00:05.0: reg 0x20: [mem 0xfebe0000-0xfebeffff]
Nov 18 07:45:00 ip-172-31-9-234 kernel: [    1.473076] pci 0000:00:1f.0: [1d0f:8061] type 00 class 0x010802
Nov 18 07:45:00 ip-172-31-9-234 kernel: [    1.476897] pci 0000:00:1f.0: reg 0x10: [mem 0xfebf8000-0xfebfbfff]
Nov 18 07:45:00 ip-172-31-9-234 snapd-apparmor[930]: find: ‘/var/lib/snapd/apparmor/profiles/’: No such file or directory
Nov 18 07:45:00 ip-172-31-9-234 kernel: [    1.486187] ACPI: PCI Interrupt Link [LNKA] (IRQs 5 *10 11)
Nov 18 07:45:00 ip-172-31-9-234 kernel: [    1.492012] ACPI: PCI Interrupt Link [LNKB] (IRQs 5 *10 11)
Nov 18 07:45:00 ip-172-31-9-234 kernel: [    1.495230] ACPI: PCI Interrupt Link [LNKC] (IRQs 5 10 *11)
Nov 18 07:45:00 ip-172-31-9-234 kernel: [    1.496002] ACPI: PCI Interrupt Link [LNKD] (IRQs 5 10 *11)
Nov 18 07:45:00 ip-172-31-9-234 kernel: [    1.499194] ACPI: PCI Interrupt Link [LNKS] (IRQs *9)
Nov 18 07:45:00 ip-172-31-9-234 kernel: [    1.504726] iommu: Default domain type: Translated 
Nov 18 07:45:00 ip-172-31-9-234 systemd[1]: Started Load AppArmor profiles managed internally by snapd.
Nov 18 07:45:00 ip-172-31-9-234 kernel: [    1.506929] SCSI subsystem initialized
Nov 18 07:45:00 ip-172-31-9-234 kernel: [    1.507969] libata version 3.00 loaded.
Nov 18 07:45:00 ip-172-31-9-234 kernel: [    1.507969] pci 0000:00:03.0: vgaarb: setting as boot VGA device
Nov 18 07:45:00 ip-172-31-9-234 kernel: [    1.511209] pci 0000:00:03.0: vgaarb: VGA device added: decodes=io+mem,owns=io+mem,locks=none
Nov 18 07:45:00 ip-172-31-9-234 kernel: [    1.519922] pci 0000:00:03.0: vgaarb: bridge control possible
Nov 18 07:45:00 ip-172-31-9-234 kernel: [    1.523099] vgaarb: loaded
Nov 18 07:45:00 ip-172-31-9-234 kernel: [    1.523934] ACPI: bus type USB registered
Nov 18 07:45:00 ip-172-31-9-234 dhclient[1066]: Internet Systems Consortium DHCP Client 4.3.5
Nov 18 07:45:00 ip-172-31-9-234 kernel: [    1.526577] usbcore: registered new interface driver usbfs
Nov 18 07:45:00 ip-172-31-9-234 kernel: [    1.527925] usbcore: registered new interface driver hub
Nov 18 07:45:00 ip-172-31-9-234 kernel: [    1.531921] usbcore: registered new device driver usb
Nov 18 07:45:00 ip-172-31-9-234 kernel: [    1.535937] pps_core: LinuxPPS API ver. 1 registered
Nov 18 07:45:00 ip-172-31-9-234 kernel: [    1.538867] pps_core: Software ver. 5.3.6 - Copyright 2005-2007 Rodolfo Giometti <giometti@linux.it>
Nov 18 07:45:00 ip-172-31-9-234 dhclient[1066]: Copyright 2004-2016 Internet Systems Consortium.
Nov 18 07:45:00 ip-172-31-9-234 kernel: [    1.543923] PTP clock support registered
Nov 18 07:45:00 ip-172-31-9-234 dhclient[1066]: All rights reserved.
Nov 18 07:45:00 ip-172-31-9-234 dhclient[1066]: For info, please visit https://www.isc.org/software/dhcp/
Nov 18 07:45:00 ip-172-31-9-234 dhclient[1066]: 
Nov 18 07:45:00 ip-172-31-9-234 dhclient[1066]: Listening on LPF/ens5/02:31:45:88:a6:88
Nov 18 07:45:00 ip-172-31-9-234 dhclient[1066]: Sending on   LPF/ens5/02:31:45:88:a6:88
Nov 18 07:45:00 ip-172-31-9-234 dhclient[1066]: Sending on   Socket/fallback
Nov 18 07:45:00 ip-172-31-9-234 dhclient[1066]: DHCPDISCOVER on ens5 to 255.255.255.255 port 67 interval 3 (xid=0xed83df64)
Nov 18 07:45:00 ip-172-31-9-234 dhclient[1066]: DHCPREQUEST of 172.31.9.234 on ens5 to 255.255.255.255 port 67 (xid=0x64df83ed)
Nov 18 07:45:00 ip-172-31-9-234 dhclient[1066]: DHCPOFFER of 172.31.9.234 from 172.31.0.1
Nov 18 07:45:00 ip-172-31-9-234 dhclient[1066]: DHCPACK of 172.31.9.234 from 172.31.0.1
Nov 18 07:45:00 ip-172-31-9-234 kernel: [    1.547963] EDAC MC: Ver: 3.0.0
Nov 18 07:45:00 ip-172-31-9-234 kernel: [    1.548099] PCI: Using ACPI for IRQ routing
Nov 18 07:45:00 ip-172-31-9-234 kernel: [    1.550630] PCI: pci_cache_line_size set to 64 bytes
Nov 18 07:45:00 ip-172-31-9-234 kernel: [    1.550759] e820: reserve RAM buffer [mem 0x0009fc00-0x0009ffff]
Nov 18 07:45:00 ip-172-31-9-234 kernel: [    1.550760] e820: reserve RAM buffer [mem 0xbfff9000-0xbfffffff]
Nov 18 07:45:00 ip-172-31-9-234 kernel: [    1.550761] e820: reserve RAM buffer [mem 0x100d400000-0x100fffffff]
Nov 18 07:45:00 ip-172-31-9-234 kernel: [    1.551919] NetLabel: Initializing
Nov 18 07:45:00 ip-172-31-9-234 kernel: [    1.555921] NetLabel:  domain hash size = 128
Nov 18 07:45:00 ip-172-31-9-234 kernel: [    1.558664] NetLabel:  protocols = UNLABELED CIPSOv4 CALIPSO
Nov 18 07:45:00 ip-172-31-9-234 kernel: [    1.559931] NetLabel:  unlabeled traffic allowed by default
Nov 18 07:45:00 ip-172-31-9-234 kernel: [    1.563998] clocksource: Switched to clocksource kvm-clock
Nov 18 07:45:00 ip-172-31-9-234 kernel: [    1.578069] *** VALIDATE bpf ***
Nov 18 07:45:00 ip-172-31-9-234 kernel: [    1.580566] VFS: Disk quotas dquot_6.6.0
Nov 18 07:45:00 ip-172-31-9-234 kernel: [    1.673075] VFS: Dquot-cache hash table entries: 512 (order 0, 4096 bytes)
Nov 18 07:45:00 ip-172-31-9-234 kernel: [    1.676626] *** VALIDATE ramfs ***
Nov 18 07:45:00 ip-172-31-9-234 kernel: [    1.679092] *** VALIDATE hugetlbfs ***
Nov 18 07:45:00 ip-172-31-9-234 kernel: [    1.681710] AppArmor: AppArmor Filesystem Enabled
Nov 18 07:45:00 ip-172-31-9-234 kernel: [    1.684593] pnp: PnP ACPI init
Nov 18 07:45:00 ip-172-31-9-234 kernel: [    1.686952] pnp 00:00: Plug and Play ACPI device, IDs PNP0b00 (active)
Nov 18 07:45:00 ip-172-31-9-234 kernel: [    1.686973] pnp 00:01: Plug and Play ACPI device, IDs PNP0303 (active)
Nov 18 07:45:00 ip-172-31-9-234 kernel: [    1.686989] pnp 00:02: Plug and Play ACPI device, IDs PNP0f13 (active)
Nov 18 07:45:00 ip-172-31-9-234 kernel: [    1.687028] pnp 00:03: Plug and Play ACPI device, IDs PNP0400 (active)
Nov 18 07:45:00 ip-172-31-9-234 kernel: [    1.687062] pnp 00:04: Plug and Play ACPI device, IDs PNP0501 (active)
Nov 18 07:45:00 ip-172-31-9-234 kernel: [    1.687230] pnp: PnP ACPI: found 5 devices
Nov 18 07:45:00 ip-172-31-9-234 kernel: [    1.691662] thermal_sys: Registered thermal governor 'fair_share'
Nov 18 07:45:00 ip-172-31-9-234 kernel: [    1.691663] thermal_sys: Registered thermal governor 'bang_bang'
Nov 18 07:45:00 ip-172-31-9-234 dhclient[1066]: bound to 172.31.9.234 -- renewal in 1675 seconds.
Nov 18 07:45:00 ip-172-31-9-234 kernel: [    1.695000] thermal_sys: Registered thermal governor 'step_wise'
Nov 18 07:45:00 ip-172-31-9-234 kernel: [    1.698282] thermal_sys: Registered thermal governor 'user_space'
Nov 18 07:45:00 ip-172-31-9-234 kernel: [    1.701538] thermal_sys: Registered thermal governor 'power_allocator'
Nov 18 07:45:00 ip-172-31-9-234 kernel: [    1.709434] clocksource: acpi_pm: mask: 0xffffff max_cycles: 0xffffff, max_idle_ns: 2085701024 ns
Nov 18 07:45:00 ip-172-31-9-234 kernel: [    1.718296] pci_bus 0000:00: resource 4 [io  0x0000-0x0cf7 window]
Nov 18 07:45:00 ip-172-31-9-234 systemd[1]: Started Set console font and keymap.
Nov 18 07:45:00 ip-172-31-9-234 kernel: [    1.721605] pci_bus 0000:00: resource 5 [io  0x0d00-0xffff window]
Nov 18 07:45:00 ip-172-31-9-234 kernel: [    1.724957] pci_bus 0000:00: resource 6 [mem 0x000a0000-0x000bffff window]
Nov 18 07:45:00 ip-172-31-9-234 kernel: [    1.728507] pci_bus 0000:00: resource 7 [mem 0xc0000000-0xfebfffff window]
Nov 18 07:45:00 ip-172-31-9-234 kernel: [    1.732081] NET: Registered protocol family 2
Nov 18 07:45:00 ip-172-31-9-234 kernel: [    1.735125] tcp_listen_portaddr_hash hash table entries: 32768 (order: 7, 524288 bytes, linear)
Nov 18 07:45:00 ip-172-31-9-234 cloud-init[939]: Cloud-init v. 20.3-2-g371b392c-0ubuntu1~18.04.1 running 'init-local' at Wed, 18 Nov 2020 07:44:50 +0000. Up 9.24 seconds.
Nov 18 07:45:00 ip-172-31-9-234 kernel: [    1.741372] TCP established hash table entries: 524288 (order: 10, 4194304 bytes, linear)
Nov 18 07:45:00 ip-172-31-9-234 kernel: [    1.747176] TCP bind hash table entries: 65536 (order: 8, 1048576 bytes, linear)
Nov 18 07:45:00 ip-172-31-9-234 kernel: [    1.752221] TCP: Hash tables configured (established 524288 bind 65536)
Nov 18 07:45:00 ip-172-31-9-234 kernel: [    1.755909] UDP hash table entries: 32768 (order: 8, 1048576 bytes, linear)
Nov 18 07:45:00 ip-172-31-9-234 kernel: [    1.759742] UDP-Lite hash table entries: 32768 (order: 8, 1048576 bytes, linear)
Nov 18 07:45:00 ip-172-31-9-234 kernel: [    1.764822] NET: Registered protocol family 1
Nov 18 07:45:00 ip-172-31-9-234 systemd[1]: Started Initial cloud-init job (pre-networking).
Nov 18 07:45:00 ip-172-31-9-234 kernel: [    1.767588] NET: Registered protocol family 44
Nov 18 07:45:00 ip-172-31-9-234 kernel: [    1.770378] pci 0000:00:00.0: Limiting direct PCI/PCI transfers
Nov 18 07:45:00 ip-172-31-9-234 kernel: [    1.773643] pci 0000:00:01.0: Activating ISA DMA hang workarounds
Nov 18 07:45:00 ip-172-31-9-234 kernel: [    1.777008] pci 0000:00:03.0: Video device with shadowed ROM at [mem 0x000c0000-0x000dffff]
Nov 18 07:45:00 ip-172-31-9-234 kernel: [    1.782396] PCI: CLS 0 bytes, default 64
Nov 18 07:45:00 ip-172-31-9-234 kernel: [    1.785118] Trying to unpack rootfs image as initramfs...
Nov 18 07:45:00 ip-172-31-9-234 systemd[1]: Reached target Network (Pre).
Nov 18 07:45:00 ip-172-31-9-234 kernel: [    2.060337] Freeing initrd memory: 20392K
Nov 18 07:45:00 ip-172-31-9-234 kernel: [    2.063023] PCI-DMA: Using software bounce buffering for IO (SWIOTLB)
Nov 18 07:45:00 ip-172-31-9-234 kernel: [    2.066462] software IO TLB: mapped [mem 0xbbff9000-0xbfff9000] (64MB)
Nov 18 07:45:00 ip-172-31-9-234 kernel: [    2.069937] clocksource: tsc: mask: 0xffffffffffffffff max_cycles: 0x240937b9988, max_idle_ns: 440795218083 ns
Nov 18 07:45:00 ip-172-31-9-234 systemd[1]: Starting Network Service...
Nov 18 07:45:00 ip-172-31-9-234 kernel: [    2.075756] clocksource: Switched to clocksource tsc
Nov 18 07:45:00 ip-172-31-9-234 kernel: [    2.078730] check: Scanning for low memory corruption every 60 seconds
Nov 18 07:45:00 ip-172-31-9-234 kernel: [    2.082576] Initialise system trusted keyrings
Nov 18 07:45:00 ip-172-31-9-234 kernel: [    2.085400] Key type blacklist registered
Nov 18 07:45:00 ip-172-31-9-234 systemd-networkd[1120]: Enumeration completed
Nov 18 07:45:00 ip-172-31-9-234 kernel: [    2.088087] workingset: timestamp_bits=36 max_order=24 bucket_order=0
Nov 18 07:45:00 ip-172-31-9-234 kernel: [    2.092529] zbud: loaded
Nov 18 07:45:00 ip-172-31-9-234 kernel: [    2.095052] squashfs: version 4.0 (2009/01/31) Phillip Lougher
Nov 18 07:45:00 ip-172-31-9-234 kernel: [    2.098483] fuse: init (API version 7.31)
Nov 18 07:45:00 ip-172-31-9-234 systemd-networkd[1120]: ens5: Link UP
Nov 18 07:45:00 ip-172-31-9-234 kernel: [    2.101128] *** VALIDATE fuse ***
Nov 18 07:45:00 ip-172-31-9-234 kernel: [    2.103555] *** VALIDATE fuse ***
Nov 18 07:45:00 ip-172-31-9-234 kernel: [    2.106079] Platform Keyring initialized
Nov 18 07:45:00 ip-172-31-9-234 kernel: [    2.111314] Key type asymmetric registered
Nov 18 07:45:00 ip-172-31-9-234 kernel: [    2.113977] Asymmetric key parser 'x509' registered
Nov 18 07:45:00 ip-172-31-9-234 systemd-networkd[1120]: ens5: Gained carrier
Nov 18 07:45:00 ip-172-31-9-234 kernel: [    2.116915] Block layer SCSI generic (bsg) driver version 0.4 loaded (major 244)
Nov 18 07:45:00 ip-172-31-9-234 kernel: [    2.121948] io scheduler mq-deadline registered
Nov 18 07:45:00 ip-172-31-9-234 kernel: [    2.125075] shpchp: Standard Hot Plug PCI Controller Driver version: 0.4
Nov 18 07:45:00 ip-172-31-9-234 kernel: [    2.128603] intel_idle: Please enable MWAIT in BIOS SETUP
Nov 18 07:45:00 ip-172-31-9-234 kernel: [    2.128653] input: Power Button as /devices/LNXSYSTM:00/LNXPWRBN:00/input/input0
Nov 18 07:45:00 ip-172-31-9-234 systemd[1]: Started Network Service.
Nov 18 07:45:00 ip-172-31-9-234 kernel: [    2.133651] ACPI: Power Button [PWRF]
Nov 18 07:45:00 ip-172-31-9-234 kernel: [    2.136228] input: Sleep Button as /devices/LNXSYSTM:00/LNXSLPBN:00/input/input1
Nov 18 07:45:00 ip-172-31-9-234 kernel: [    2.141193] ACPI: Sleep Button [SLPF]
Nov 18 07:45:00 ip-172-31-9-234 kernel: [    2.144240] Serial: 8250/16550 driver, 4 ports, IRQ sharing enabled
Nov 18 07:45:00 ip-172-31-9-234 kernel: [    2.172919] 00:04: ttyS0 at I/O 0x3f8 (irq = 4, base_baud = 115200) is a 16550A
Nov 18 07:45:00 ip-172-31-9-234 systemd-timesyncd[705]: Network configuration changed, trying to establish connection.
Nov 18 07:45:00 ip-172-31-9-234 kernel: [    2.178305] Linux agpgart interface v0.103
Nov 18 07:45:00 ip-172-31-9-234 kernel: [    2.184223] loop: module loaded
Nov 18 07:45:00 ip-172-31-9-234 kernel: [    2.186829] nvme nvme0: pci function 0000:00:04.0
Nov 18 07:45:00 ip-172-31-9-234 kernel: [    2.189748] nvme nvme1: pci function 0000:00:1f.0
Nov 18 07:45:00 ip-172-31-9-234 kernel: [    2.189942] PCI Interrupt Link [LNKD] enabled at IRQ 11
Nov 18 07:45:00 ip-172-31-9-234 systemd-networkd[1120]: ens5: Link DOWN
Nov 18 07:45:00 ip-172-31-9-234 kernel: [    2.192651] libphy: Fixed MDIO Bus: probed
Nov 18 07:45:00 ip-172-31-9-234 kernel: [    2.195765] PCI Interrupt Link [LNKC] enabled at IRQ 10
Nov 18 07:45:00 ip-172-31-9-234 kernel: [    2.198562] tun: Universal TUN/TAP device driver, 1.6
Nov 18 07:45:00 ip-172-31-9-234 kernel: [    2.198589] PPP generic driver version 2.4.2
Nov 18 07:45:00 ip-172-31-9-234 kernel: [    2.207401] ehci_hcd: USB 2.0 'Enhanced' Host Controller (EHCI) Driver
Nov 18 07:45:00 ip-172-31-9-234 kernel: [    2.210858] ehci-pci: EHCI PCI platform driver
Nov 18 07:45:00 ip-172-31-9-234 kernel: [    2.213624] ehci-platform: EHCI generic platform driver
Nov 18 07:45:00 ip-172-31-9-234 kernel: [    2.216644] ohci_hcd: USB 1.1 'Open' Host Controller (OHCI) Driver
Nov 18 07:45:00 ip-172-31-9-234 systemd-networkd[1120]: ens5: Lost carrier
Nov 18 07:45:00 ip-172-31-9-234 kernel: [    2.219975] ohci-pci: OHCI PCI platform driver
Nov 18 07:45:00 ip-172-31-9-234 kernel: [    2.222754] ohci-platform: OHCI generic platform driver
Nov 18 07:45:00 ip-172-31-9-234 kernel: [    2.225774] uhci_hcd: USB Universal Host Controller Interface driver
Nov 18 07:45:00 ip-172-31-9-234 kernel: [    2.229182] i8042: PNP: PS/2 Controller [PNP0303:KBD,PNP0f13:MOU] at 0x60,0x64 irq 1,12
Nov 18 07:45:00 ip-172-31-9-234 kernel: [    2.234507] i8042: Warning: Keylock active
Nov 18 07:45:00 ip-172-31-9-234 kernel: [    2.238080] serio: i8042 KBD port at 0x60,0x64 irq 1
Nov 18 07:45:00 ip-172-31-9-234 kernel: [    2.240997] serio: i8042 AUX port at 0x60,0x64 irq 12
Nov 18 07:45:00 ip-172-31-9-234 kernel: [    2.244060] mousedev: PS/2 mouse device common for all mice
Nov 18 07:45:00 ip-172-31-9-234 systemd-networkd[1120]: ens5: Removing non-existent address: fe80::31:45ff:fe88:a688/64 (valid forever), ignoring
Nov 18 07:45:00 ip-172-31-9-234 kernel: [    2.247335] rtc_cmos 00:00: RTC can wake from S4
Nov 18 07:45:00 ip-172-31-9-234 kernel: [    2.250745] rtc_cmos 00:00: registered as rtc0
Nov 18 07:45:00 ip-172-31-9-234 kernel: [    2.253549] rtc_cmos 00:00: alarms up to one day, 114 bytes nvram
Nov 18 07:45:00 ip-172-31-9-234 kernel: [    2.256879] device-mapper: uevent: version 1.0.3
Nov 18 07:45:00 ip-172-31-9-234 kernel: [    2.259737] device-mapper: ioctl: 4.41.0-ioctl (2019-09-16) initialised: dm-devel@redhat.com
Nov 18 07:45:00 ip-172-31-9-234 kernel: [    2.265032] platform eisa.0: Probing EISA bus 0
Nov 18 07:45:00 ip-172-31-9-234 systemd-networkd[1120]: ens5: IPv6 successfully enabled
Nov 18 07:45:00 ip-172-31-9-234 kernel: [    2.267839] platform eisa.0: EISA: Cannot allocate resource for mainboard
Nov 18 07:45:00 ip-172-31-9-234 kernel: [    2.271315] platform eisa.0: Cannot allocate resource for EISA slot 1
Nov 18 07:45:00 ip-172-31-9-234 kernel: [    2.274724] platform eisa.0: Cannot allocate resource for EISA slot 2
Nov 18 07:45:00 ip-172-31-9-234 kernel: [    2.278136] platform eisa.0: Cannot allocate resource for EISA slot 3
Nov 18 07:45:00 ip-172-31-9-234 systemd-networkd[1120]: lo: Link is not managed by us
Nov 18 07:45:00 ip-172-31-9-234 kernel: [    2.281619] platform eisa.0: Cannot allocate resource for EISA slot 4
Nov 18 07:45:00 ip-172-31-9-234 kernel: [    2.285093] platform eisa.0: Cannot allocate resource for EISA slot 5
Nov 18 07:45:00 ip-172-31-9-234 kernel: [    2.288496] platform eisa.0: Cannot allocate resource for EISA slot 6
Nov 18 07:45:00 ip-172-31-9-234 kernel: [    2.291904] platform eisa.0: Cannot allocate resource for EISA slot 7
Nov 18 07:45:00 ip-172-31-9-234 kernel: [    2.295310] platform eisa.0: Cannot allocate resource for EISA slot 8
Nov 18 07:45:00 ip-172-31-9-234 systemd[1]: Starting Network Name Resolution...
Nov 18 07:45:00 ip-172-31-9-234 kernel: [    2.298732] platform eisa.0: EISA: Detected 0 cards
Nov 18 07:45:00 ip-172-31-9-234 kernel: [    2.301718] intel_pstate: P-states controlled by the platform
Nov 18 07:45:00 ip-172-31-9-234 kernel: [    2.304954] drop_monitor: Initializing network drop monitor service
Nov 18 07:45:00 ip-172-31-9-234 kernel: [    2.308461] NET: Registered protocol family 10
Nov 18 07:45:00 ip-172-31-9-234 systemd[1]: Starting Wait for Network to be Configured...
Nov 18 07:45:00 ip-172-31-9-234 kernel: [    2.309618] nvme nvme1: 2/0/0 default/read/poll queues
Nov 18 07:45:00 ip-172-31-9-234 kernel: [    2.314682] Segment Routing with IPv6
Nov 18 07:45:00 ip-172-31-9-234 kernel: [    2.317248] NET: Registered protocol family 17
Nov 18 07:45:00 ip-172-31-9-234 kernel: [    2.320069] Key type dns_resolver registered
Nov 18 07:45:00 ip-172-31-9-234 kernel: [    2.323910] RAS: Correctable Errors collector initialized.
Nov 18 07:45:00 ip-172-31-9-234 kernel: [    2.327009] IPI shorthand broadcast: enabled
Nov 18 07:45:00 ip-172-31-9-234 kernel: [    2.329703] sched_clock: Marking stable (1748457083, 581236179)->(2518361585, -188668323)
Nov 18 07:45:00 ip-172-31-9-234 kernel: [    2.334973] registered taskstats version 1
Nov 18 07:45:00 ip-172-31-9-234 systemd-networkd[1120]: ens5: Link UP
Nov 18 07:45:00 ip-172-31-9-234 kernel: [    2.337626] Loading compiled-in X.509 certificates
Nov 18 07:45:00 ip-172-31-9-234 systemd-resolved[1141]: Positive Trust Anchors:
Nov 18 07:45:00 ip-172-31-9-234 systemd-resolved[1141]: . IN DS 19036 8 2 49aac11d7b6f6446702e54a1607371607a1a41855200fd2ce1cdde32f24e8fb5
Nov 18 07:45:00 ip-172-31-9-234 systemd-resolved[1141]: . IN DS 20326 8 2 e06d44b80b8f1d39a95c0b0d7c65d08458e880409bbc683457104237c7f8ec8d
Nov 18 07:45:00 ip-172-31-9-234 systemd-resolved[1141]: Negative trust anchors: 10.in-addr.arpa 16.172.in-addr.arpa 17.172.in-addr.arpa 18.172.in-addr.arpa 19.172.in-addr.arpa 20.172.in-addr.arpa 21.172.in-addr.arpa 22.172.in-addr.arpa 23.172.in-addr.arpa 24.172.in-addr.arpa 25.172.in-addr.arpa 26.172.in-addr.arpa 27.172.in-addr.arpa 28.172.in-addr.arpa 29.172.in-addr.arpa 30.172.in-addr.arpa 31.172.in-addr.arpa 168.192.in-addr.arpa d.f.ip6.arpa corp home internal intranet lan local private test
Nov 18 07:45:00 ip-172-31-9-234 systemd-resolved[1141]: Using system hostname 'ip-172-31-9-234'.
Nov 18 07:45:00 ip-172-31-9-234 kernel: [    2.341122] Loaded X.509 cert 'Build time autogenerated kernel key: f21b576beaa2d63f850f6edff0b511092660a15f'
Nov 18 07:45:00 ip-172-31-9-234 kernel: [    2.346982] zswap: loaded using pool lzo/zbud
Nov 18 07:45:00 ip-172-31-9-234 kernel: [    2.349796] Key type ._fscrypt registered
Nov 18 07:45:00 ip-172-31-9-234 kernel: [    2.352448] Key type .fscrypt registered
Nov 18 07:45:00 ip-172-31-9-234 kernel: [    2.357725] Key type big_key registered
Nov 18 07:45:00 ip-172-31-9-234 kernel: [    2.361634] Key type encrypted registered
Nov 18 07:45:00 ip-172-31-9-234 kernel: [    2.364319] AppArmor: AppArmor sha1 policy hashing enabled
Nov 18 07:45:00 ip-172-31-9-234 kernel: [    2.367416] ima: No TPM chip found, activating TPM-bypass!
Nov 18 07:45:00 ip-172-31-9-234 kernel: [    2.370508] ima: Allocated hash algorithm: sha1
Nov 18 07:45:00 ip-172-31-9-234 systemd[1]: Started Network Name Resolution.
Nov 18 07:45:00 ip-172-31-9-234 kernel: [    2.373334] ima: No architecture policies found
Nov 18 07:45:00 ip-172-31-9-234 kernel: [    2.376179] evm: Initialising EVM extended attributes:
Nov 18 07:45:00 ip-172-31-9-234 kernel: [    2.379185] evm: security.selinux
Nov 18 07:45:00 ip-172-31-9-234 kernel: [    2.381600] evm: security.SMACK64
Nov 18 07:45:00 ip-172-31-9-234 kernel: [    2.384004] evm: security.SMACK64EXEC
Nov 18 07:45:00 ip-172-31-9-234 kernel: [    2.386511] evm: security.SMACK64TRANSMUTE
Nov 18 07:45:00 ip-172-31-9-234 kernel: [    2.389189] evm: security.SMACK64MMAP
Nov 18 07:45:00 ip-172-31-9-234 systemd[1]: Reached target Host and Network Name Lookups.
Nov 18 07:45:00 ip-172-31-9-234 kernel: [    2.391701] evm: security.apparmor
Nov 18 07:45:00 ip-172-31-9-234 kernel: [    2.394149] evm: security.ima
Nov 18 07:45:00 ip-172-31-9-234 kernel: [    2.396450] evm: security.capability
Nov 18 07:45:00 ip-172-31-9-234 kernel: [    2.398947] evm: HMAC attrs: 0x1
Nov 18 07:45:00 ip-172-31-9-234 systemd[1]: Reached target Network.
Nov 18 07:45:00 ip-172-31-9-234 kernel: [    2.401573] PM:   Magic number: 12:807:723
Nov 18 07:45:00 ip-172-31-9-234 kernel: [    2.404230] block loop3: hash matches
Nov 18 07:45:00 ip-172-31-9-234 kernel: [    2.406785] memory memory441: hash matches
Nov 18 07:45:00 ip-172-31-9-234 systemd-networkd[1120]: ens5: Gained carrier
Nov 18 07:45:00 ip-172-31-9-234 kernel: [    2.409701] rtc_cmos 00:00: setting system clock to 2020-11-18T07:44:43 UTC (1605685483)
Nov 18 07:45:00 ip-172-31-9-234 kernel: [    2.410695] nvme nvme0: 2/0/0 default/read/poll queues
Nov 18 07:45:00 ip-172-31-9-234 kernel: [    2.418603]  nvme0n1: p1
Nov 18 07:45:00 ip-172-31-9-234 kernel: [    2.421947] Freeing unused decrypted memory: 2040K
Nov 18 07:45:00 ip-172-31-9-234 kernel: [    2.425424] Freeing unused kernel image memory: 2648K
Nov 18 07:45:00 ip-172-31-9-234 kernel: [    2.451927] Write protecting the kernel read-only data: 22528k
Nov 18 07:45:00 ip-172-31-9-234 kernel: [    2.455760] Freeing unused kernel image memory: 2008K
Nov 18 07:45:00 ip-172-31-9-234 systemd-networkd[1120]: ens5: DHCPv4 address 172.31.9.234/20 via 172.31.0.1
Nov 18 07:45:00 ip-172-31-9-234 kernel: [    2.459134] Freeing unused kernel image memory: 1540K
Nov 18 07:45:00 ip-172-31-9-234 kernel: [    2.469442] x86/mm: Checked W+X mappings: passed, no W+X pages found.
Nov 18 07:45:00 ip-172-31-9-234 kernel: [    2.472850] x86/mm: Checking user space page tables
Nov 18 07:45:00 ip-172-31-9-234 kernel: [    2.482946] x86/mm: Checked W+X mappings: passed, no W+X pages found.
Nov 18 07:45:00 ip-172-31-9-234 kernel: [    2.486383] Run /init as init process
Nov 18 07:45:00 ip-172-31-9-234 kernel: [    2.562679] ena: ena device version: 0.10
Nov 18 07:45:00 ip-172-31-9-234 kernel: [    2.565625] ena: ena controller version: 0.0.1 implementation version 1
Nov 18 07:45:00 ip-172-31-9-234 kernel: [    2.571716] cryptd: max_cpu_qlen set to 1000
Nov 18 07:45:00 ip-172-31-9-234 kernel: [    2.574305] ena 0000:00:05.0: Elastic Network Adapter (ENA) found at mem febf4000, mac addr 02:31:45:88:a6:88, Placement policy: Low Latency
Nov 18 07:45:00 ip-172-31-9-234 kernel: [    2.587100] AVX2 version of gcm_enc/dec engaged.
Nov 18 07:45:00 ip-172-31-9-234 kernel: [    2.590106] AES CTR mode by8 optimization enabled
Nov 18 07:45:00 ip-172-31-9-234 kernel: [    2.597280] ena 0000:00:05.0 ens5: renamed from eth0
Nov 18 07:45:00 ip-172-31-9-234 kernel: [    2.772353] input: AT Translated Set 2 keyboard as /devices/platform/i8042/serio0/input/input2
Nov 18 07:45:00 ip-172-31-9-234 kernel: [    5.507926] raid6: avx512x4 gen() 31928 MB/s
Nov 18 07:45:00 ip-172-31-9-234 kernel: [    5.555926] raid6: avx512x4 xor() 19043 MB/s
Nov 18 07:45:00 ip-172-31-9-234 kernel: [    5.603926] raid6: avx512x2 gen() 30293 MB/s
Nov 18 07:45:00 ip-172-31-9-234 systemd-networkd[1120]: Not connected to system bus, not setting hostname.
Nov 18 07:45:00 ip-172-31-9-234 kernel: [    5.651925] raid6: avx512x2 xor() 17969 MB/s
Nov 18 07:45:00 ip-172-31-9-234 kernel: [    5.699925] raid6: avx512x1 gen() 25603 MB/s
Nov 18 07:45:00 ip-172-31-9-234 kernel: [    5.747925] raid6: avx512x1 xor() 14403 MB/s
Nov 18 07:45:00 ip-172-31-9-234 kernel: [    5.795927] raid6: avx2x4   gen() 24009 MB/s
Nov 18 07:45:00 ip-172-31-9-234 kernel: [    5.843927] raid6: avx2x4   xor() 16028 MB/s
Nov 18 07:45:00 ip-172-31-9-234 kernel: [    5.891928] raid6: avx2x2   gen() 22274 MB/s
Nov 18 07:45:00 ip-172-31-9-234 kernel: [    5.939925] raid6: avx2x2   xor() 14501 MB/s
Nov 18 07:45:00 ip-172-31-9-234 systemd-timesyncd[705]: Network configuration changed, trying to establish connection.
Nov 18 07:45:00 ip-172-31-9-234 kernel: [    5.987927] raid6: avx2x1   gen() 17418 MB/s
Nov 18 07:45:00 ip-172-31-9-234 kernel: [    6.035924] raid6: avx2x1   xor() 13115 MB/s
Nov 18 07:45:00 ip-172-31-9-234 kernel: [    6.083930] raid6: sse2x4   gen()  9550 MB/s
Nov 18 07:45:00 ip-172-31-9-234 kernel: [    6.131929] raid6: sse2x4   xor()  5960 MB/s
Nov 18 07:45:00 ip-172-31-9-234 kernel: [    6.271930] raid6: sse2x2   gen()  8895 MB/s
Nov 18 07:45:00 ip-172-31-9-234 kernel: [    6.319926] raid6: sse2x2   xor()  5612 MB/s
Nov 18 07:45:00 ip-172-31-9-234 kernel: [    6.367931] raid6: sse2x1   gen()  7910 MB/s
Nov 18 07:45:00 ip-172-31-9-234 kernel: [    6.415927] raid6: sse2x1   xor()  4283 MB/s
Nov 18 07:45:00 ip-172-31-9-234 kernel: [    6.418776] raid6: using algorithm avx512x4 gen() 31928 MB/s
Nov 18 07:45:00 ip-172-31-9-234 kernel: [    6.421977] raid6: .... xor() 19043 MB/s, rmw enabled
Nov 18 07:45:00 ip-172-31-9-234 kernel: [    6.425024] raid6: using avx512x2 recovery algorithm
Nov 18 07:45:00 ip-172-31-9-234 kernel: [    6.428770] xor: automatically using best checksumming function   avx       
Nov 18 07:45:00 ip-172-31-9-234 kernel: [    6.433113] async_tx: api initialized (async)
Nov 18 07:45:00 ip-172-31-9-234 kernel: [    6.472955] Btrfs loaded, crc32c=crc32c-intel
Nov 18 07:45:00 ip-172-31-9-234 kernel: [    6.514509] EXT4-fs (nvme0n1p1): mounted filesystem with ordered data mode. Opts: (null)
Nov 18 07:45:00 ip-172-31-9-234 kernel: [    7.115721] systemd[1]: systemd 237 running in system mode. (+PAM +AUDIT +SELINUX +IMA +APPARMOR +SMACK +SYSVINIT +UTMP +LIBCRYPTSETUP +GCRYPT +GNUTLS +ACL +XZ +LZ4 +SECCOMP +BLKID +ELFUTILS +KMOD -IDN2 +IDN -PCRE2 default-hierarchy=hybrid)
Nov 18 07:45:00 ip-172-31-9-234 kernel: [    7.127543] systemd[1]: Detected virtualization kvm.
Nov 18 07:45:00 ip-172-31-9-234 kernel: [    7.130465] systemd[1]: Detected architecture x86-64.
Nov 18 07:45:00 ip-172-31-9-234 systemd-networkd[1120]: ens5: Gained IPv6LL
Nov 18 07:45:00 ip-172-31-9-234 kernel: [    7.170148] systemd[1]: Set hostname to <ubuntu>.
Nov 18 07:45:00 ip-172-31-9-234 kernel: [    7.202917] systemd[1]: Initializing machine ID from KVM UUID.
Nov 18 07:45:00 ip-172-31-9-234 kernel: [    7.206142] systemd[1]: Installed transient /etc/machine-id file.
Nov 18 07:45:00 ip-172-31-9-234 kernel: [    7.515183] systemd[1]: Reached target User and Group Name Lookups.
Nov 18 07:45:00 ip-172-31-9-234 kernel: [    7.519326] systemd[1]: Reached target Swap.
Nov 18 07:45:00 ip-172-31-9-234 kernel: [    7.522947] systemd[1]: Created slice System Slice.
Nov 18 07:45:00 ip-172-31-9-234 kernel: [    7.526505] systemd[1]: Listening on LVM2 metadata daemon socket.
Nov 18 07:45:00 ip-172-31-9-234 kernel: [    7.597830] EXT4-fs (nvme0n1p1): re-mounted. Opts: discard
Nov 18 07:45:00 ip-172-31-9-234 systemd-networkd[1120]: ens5: Configured
Nov 18 07:45:00 ip-172-31-9-234 kernel: [    7.604153] Loading iSCSI transport class v2.0-870.
Nov 18 07:45:00 ip-172-31-9-234 kernel: [    7.620643] iscsi: registered transport (tcp)
Nov 18 07:45:00 ip-172-31-9-234 kernel: [    7.624019] systemd-journald[520]: Received request to flush runtime journal from PID 1
Nov 18 07:45:00 ip-172-31-9-234 kernel: [    7.683529] iscsi: registered transport (iser)
Nov 18 07:45:00 ip-172-31-9-234 kernel: [    7.776283] parport_pc 00:03: reported by Plug and Play ACPI
Nov 18 07:45:00 ip-172-31-9-234 kernel: [    7.809280] ppdev: user-space parallel port driver
Nov 18 07:45:00 ip-172-31-9-234 kernel: [    8.329628] audit: type=1400 audit(1605685489.416:2): apparmor="STATUS" operation="profile_load" profile="unconfined" name="/usr/bin/lxc-start" pid=810 comm="apparmor_parser"
Nov 18 07:45:00 ip-172-31-9-234 systemd-timesyncd[705]: Network configuration changed, trying to establish connection.
Nov 18 07:45:00 ip-172-31-9-234 kernel: [    8.386665] audit: type=1400 audit(1605685489.472:3): apparmor="STATUS" operation="profile_load" profile="unconfined" name="/usr/bin/man" pid=814 comm="apparmor_parser"
Nov 18 07:45:00 ip-172-31-9-234 kernel: [    8.386941] audit: type=1400 audit(1605685489.472:4): apparmor="STATUS" operation="profile_load" profile="unconfined" name="man_filter" pid=814 comm="apparmor_parser"
Nov 18 07:45:00 ip-172-31-9-234 kernel: [    8.387243] audit: type=1400 audit(1605685489.472:5): apparmor="STATUS" operation="profile_load" profile="unconfined" name="man_groff" pid=814 comm="apparmor_parser"
Nov 18 07:45:00 ip-172-31-9-234 kernel: [    8.435011] audit: type=1400 audit(1605685489.520:6): apparmor="STATUS" operation="profile_load" profile="unconfined" name="/usr/sbin/tcpdump" pid=824 comm="apparmor_parser"
Nov 18 07:45:00 ip-172-31-9-234 kernel: [    8.462059] audit: type=1400 audit(1605685489.548:7): apparmor="STATUS" operation="profile_load" profile="unconfined" name="/sbin/dhclient" pid=823 comm="apparmor_parser"
Nov 18 07:45:00 ip-172-31-9-234 kernel: [    8.462432] audit: type=1400 audit(1605685489.548:8): apparmor="STATUS" operation="profile_load" profile="unconfined" name="/usr/lib/NetworkManager/nm-dhcp-client.action" pid=823 comm="apparmor_parser"
Nov 18 07:45:00 ip-172-31-9-234 kernel: [    8.462760] audit: type=1400 audit(1605685489.548:9): apparmor="STATUS" operation="profile_load" profile="unconfined" name="/usr/lib/NetworkManager/nm-dhcp-helper" pid=823 comm="apparmor_parser"
Nov 18 07:45:00 ip-172-31-9-234 kernel: [    8.463084] audit: type=1400 audit(1605685489.548:10): apparmor="STATUS" operation="profile_load" profile="unconfined" name="/usr/lib/connman/scripts/dhclient-script" pid=823 comm="apparmor_parser"
Nov 18 07:45:00 ip-172-31-9-234 systemd-networkd-wait-online[1143]: managing: ens5
Nov 18 07:45:00 ip-172-31-9-234 kernel: [    8.522158] audit: type=1400 audit(1605685489.608:11): apparmor="STATUS" operation="profile_load" profile="unconfined" name="/usr/lib/snapd/snap-confine" pid=811 comm="apparmor_parser"
Nov 18 07:45:00 ip-172-31-9-234 kernel: [   11.443933] IPv6: ADDRCONF(NETDEV_CHANGE): ens5: link becomes ready
Nov 18 07:45:00 ip-172-31-9-234 kernel: [   13.254873] EXT4-fs (nvme0n1p1): resizing filesystem from 2096891 to 20971259 blocks
Nov 18 07:45:00 ip-172-31-9-234 kernel: [   13.494786] EXT4-fs (nvme0n1p1): resized filesystem to 20971259
Nov 18 07:45:00 ip-172-31-9-234 kernel: [   13.954984] new mount options do not match the existing superblock, will be ignored
Nov 18 07:45:00 ip-172-31-9-234 kernel: [   18.372666] kauditd_printk_skb: 5 callbacks suppressed
Nov 18 07:45:00 ip-172-31-9-234 kernel: [   18.372667] audit: type=1400 audit(1605685499.460:17): apparmor="STATUS" operation="profile_load" profile="unconfined" name="/snap/core/10185/usr/lib/snapd/snap-confine" pid=2093 comm="apparmor_parser"
Nov 18 07:45:00 ip-172-31-9-234 kernel: [   18.372836] audit: type=1400 audit(1605685499.460:18): apparmor="STATUS" operation="profile_load" profile="unconfined" name="/snap/core/10185/usr/lib/snapd/snap-confine//mount-namespace-capture-helper" pid=2093 comm="apparmor_parser"
Nov 18 07:45:00 ip-172-31-9-234 kernel: [   18.387497] audit: type=1400 audit(1605685499.472:19): apparmor="STATUS" operation="profile_load" profile="unconfined" name="snap-update-ns.core" pid=2097 comm="apparmor_parser"
Nov 18 07:45:00 ip-172-31-9-234 systemd-networkd-wait-online[1143]: ignoring: lo
Nov 18 07:45:00 ip-172-31-9-234 kernel: [   18.444034] audit: type=1400 audit(1605685499.532:20): apparmor="STATUS" operation="profile_load" profile="unconfined" name="snap.core.hook.configure" pid=2098 comm="apparmor_parser"
Nov 18 07:45:00 ip-172-31-9-234 systemd[1]: Started Wait for Network to be Configured.
Nov 18 07:45:00 ip-172-31-9-234 systemd[1]: Starting Initial cloud-init job (metadata service crawler)...
Nov 18 07:45:00 ip-172-31-9-234 cloud-init[1175]: Cloud-init v. 20.3-2-g371b392c-0ubuntu1~18.04.1 running 'init' at Wed, 18 Nov 2020 07:44:53 +0000. Up 12.30 seconds.
Nov 18 07:45:00 ip-172-31-9-234 cloud-init[1175]: ci-info: ++++++++++++++++++++++++++++++++++++++Net device info++++++++++++++++++++++++++++++++++++++
Nov 18 07:45:00 ip-172-31-9-234 cloud-init[1175]: ci-info: +--------+------+----------------------------+---------------+--------+-------------------+
Nov 18 07:45:00 ip-172-31-9-234 cloud-init[1175]: ci-info: | Device |  Up  |          Address           |      Mask     | Scope  |     Hw-Address    |
Nov 18 07:45:00 ip-172-31-9-234 cloud-init[1175]: ci-info: +--------+------+----------------------------+---------------+--------+-------------------+
Nov 18 07:45:00 ip-172-31-9-234 cloud-init[1175]: ci-info: |  ens5  | True |        172.31.9.234        | 255.255.240.0 | global | 02:31:45:88:a6:88 |
Nov 18 07:45:00 ip-172-31-9-234 cloud-init[1175]: ci-info: |  ens5  | True | fe80::31:45ff:fe88:a688/64 |       .       |  link  | 02:31:45:88:a6:88 |
Nov 18 07:45:00 ip-172-31-9-234 cloud-init[1175]: ci-info: |   lo   | True |         127.0.0.1          |   255.0.0.0   |  host  |         .         |
Nov 18 07:45:00 ip-172-31-9-234 cloud-init[1175]: ci-info: |   lo   | True |          ::1/128           |       .       |  host  |         .         |
Nov 18 07:45:00 ip-172-31-9-234 cloud-init[1175]: ci-info: +--------+------+----------------------------+---------------+--------+-------------------+
Nov 18 07:45:00 ip-172-31-9-234 cloud-init[1175]: ci-info: +++++++++++++++++++++++++++++Route IPv4 info++++++++++++++++++++++++++++++
Nov 18 07:45:00 ip-172-31-9-234 cloud-init[1175]: ci-info: +-------+-------------+------------+-----------------+-----------+-------+
Nov 18 07:45:00 ip-172-31-9-234 cloud-init[1175]: ci-info: | Route | Destination |  Gateway   |     Genmask     | Interface | Flags |
Nov 18 07:45:00 ip-172-31-9-234 cloud-init[1175]: ci-info: +-------+-------------+------------+-----------------+-----------+-------+
Nov 18 07:45:00 ip-172-31-9-234 cloud-init[1175]: ci-info: |   0   |   0.0.0.0   | 172.31.0.1 |     0.0.0.0     |    ens5   |   UG  |
Nov 18 07:45:00 ip-172-31-9-234 cloud-init[1175]: ci-info: |   1   |  172.31.0.0 |  0.0.0.0   |  255.255.240.0  |    ens5   |   U   |
Nov 18 07:45:00 ip-172-31-9-234 cloud-init[1175]: ci-info: |   2   |  172.31.0.1 |  0.0.0.0   | 255.255.255.255 |    ens5   |   UH  |
Nov 18 07:45:00 ip-172-31-9-234 cloud-init[1175]: ci-info: +-------+-------------+------------+-----------------+-----------+-------+
Nov 18 07:45:00 ip-172-31-9-234 cloud-init[1175]: ci-info: +++++++++++++++++++Route IPv6 info+++++++++++++++++++
Nov 18 07:45:00 ip-172-31-9-234 cloud-init[1175]: ci-info: +-------+-------------+---------+-----------+-------+
Nov 18 07:45:00 ip-172-31-9-234 cloud-init[1175]: ci-info: | Route | Destination | Gateway | Interface | Flags |
Nov 18 07:45:00 ip-172-31-9-234 cloud-init[1175]: ci-info: +-------+-------------+---------+-----------+-------+
Nov 18 07:45:00 ip-172-31-9-234 cloud-init[1175]: ci-info: |   1   |  fe80::/64  |    ::   |    ens5   |   U   |
Nov 18 07:45:00 ip-172-31-9-234 cloud-init[1175]: ci-info: |   3   |    local    |    ::   |    ens5   |   U   |
Nov 18 07:45:00 ip-172-31-9-234 cloud-init[1175]: ci-info: |   4   |   ff00::/8  |    ::   |    ens5   |   U   |
Nov 18 07:45:00 ip-172-31-9-234 cloud-init[1175]: ci-info: +-------+-------------+---------+-----------+-------+
Nov 18 07:45:00 ip-172-31-9-234 cloud-init[1175]: Generating public/private rsa key pair.
Nov 18 07:45:00 ip-172-31-9-234 cloud-init[1175]: Your identification has been saved in /etc/ssh/ssh_host_rsa_key.
Nov 18 07:45:00 ip-172-31-9-234 cloud-init[1175]: Your public key has been saved in /etc/ssh/ssh_host_rsa_key.pub.
Nov 18 07:45:00 ip-172-31-9-234 cloud-init[1175]: The key fingerprint is:
Nov 18 07:45:00 ip-172-31-9-234 cloud-init[1175]: SHA256:+35ibMLacw8RFkIncuJ+aty8kESVSD+hpsZvGsX+CdU root@ip-172-31-9-234
Nov 18 07:45:00 ip-172-31-9-234 cloud-init[1175]: The key's randomart image is:
Nov 18 07:45:00 ip-172-31-9-234 cloud-init[1175]: +---[RSA 2048]----+
Nov 18 07:45:00 ip-172-31-9-234 cloud-init[1175]: |     .+oB.o      |
Nov 18 07:45:00 ip-172-31-9-234 cloud-init[1175]: |     ..B.= .     |
Nov 18 07:45:00 ip-172-31-9-234 cloud-init[1175]: |      = o o      |
Nov 18 07:45:00 ip-172-31-9-234 cloud-init[1175]: |   . *   + .     |
Nov 18 07:45:00 ip-172-31-9-234 cloud-init[1175]: |    + = S E      |
Nov 18 07:45:00 ip-172-31-9-234 cloud-init[1175]: |   . * B . .     |
Nov 18 07:45:00 ip-172-31-9-234 cloud-init[1175]: |    . @.+..      |
Nov 18 07:45:00 ip-172-31-9-234 cloud-init[1175]: |     = =++*..    |
Nov 18 07:45:00 ip-172-31-9-234 cloud-init[1175]: |    . ..=Bo+.    |
Nov 18 07:45:00 ip-172-31-9-234 cloud-init[1175]: +----[SHA256]-----+
Nov 18 07:45:00 ip-172-31-9-234 cloud-init[1175]: Generating public/private dsa key pair.
Nov 18 07:45:00 ip-172-31-9-234 cloud-init[1175]: Your identification has been saved in /etc/ssh/ssh_host_dsa_key.
Nov 18 07:45:00 ip-172-31-9-234 cloud-init[1175]: Your public key has been saved in /etc/ssh/ssh_host_dsa_key.pub.
Nov 18 07:45:00 ip-172-31-9-234 cloud-init[1175]: The key fingerprint is:
Nov 18 07:45:00 ip-172-31-9-234 cloud-init[1175]: SHA256:4Obtz839VDJoSkRO1QRxBEMbMnSORxZlsLrCRmh7iNw root@ip-172-31-9-234
Nov 18 07:45:00 ip-172-31-9-234 cloud-init[1175]: The key's randomart image is:
Nov 18 07:45:00 ip-172-31-9-234 cloud-init[1175]: +---[DSA 1024]----+
Nov 18 07:45:00 ip-172-31-9-234 cloud-init[1175]: |         .*o#@*  |
Nov 18 07:45:00 ip-172-31-9-234 cloud-init[1175]: |         + O B.  |
Nov 18 07:45:00 ip-172-31-9-234 cloud-init[1175]: |      .   + =    |
Nov 18 07:45:00 ip-172-31-9-234 cloud-init[1175]: |     . o . o .   |
Nov 18 07:45:00 ip-172-31-9-234 cloud-init[1175]: |      = S o o o .|
Nov 18 07:45:00 ip-172-31-9-234 cloud-init[1175]: |   . * * . +   o.|
Nov 18 07:45:00 ip-172-31-9-234 cloud-init[1175]: |    o E * o     .|
Nov 18 07:45:00 ip-172-31-9-234 cloud-init[1175]: |       + o o . . |
Nov 18 07:45:00 ip-172-31-9-234 cloud-init[1175]: |        ..o o ...|
Nov 18 07:45:00 ip-172-31-9-234 cloud-init[1175]: +----[SHA256]-----+
Nov 18 07:45:00 ip-172-31-9-234 cloud-init[1175]: Generating public/private ecdsa key pair.
Nov 18 07:45:00 ip-172-31-9-234 cloud-init[1175]: Your identification has been saved in /etc/ssh/ssh_host_ecdsa_key.
Nov 18 07:45:00 ip-172-31-9-234 cloud-init[1175]: Your public key has been saved in /etc/ssh/ssh_host_ecdsa_key.pub.
Nov 18 07:45:00 ip-172-31-9-234 cloud-init[1175]: The key fingerprint is:
Nov 18 07:45:00 ip-172-31-9-234 cloud-init[1175]: SHA256:UPYIU9kVQtYp+V+Cn46VZjJnJ6Euh88qGt4drVlatFI root@ip-172-31-9-234
Nov 18 07:45:00 ip-172-31-9-234 cloud-init[1175]: The key's randomart image is:
Nov 18 07:45:00 ip-172-31-9-234 cloud-init[1175]: +---[ECDSA 256]---+
Nov 18 07:45:00 ip-172-31-9-234 cloud-init[1175]: |      o.++++oo   |
Nov 18 07:45:00 ip-172-31-9-234 cloud-init[1175]: |       =.++.o    |
Nov 18 07:45:00 ip-172-31-9-234 cloud-init[1175]: |      . . .o .   |
Nov 18 07:45:00 ip-172-31-9-234 cloud-init[1175]: |       .    o o .|
Nov 18 07:45:00 ip-172-31-9-234 cloud-init[1175]: |        S   E+ * |
Nov 18 07:45:00 ip-172-31-9-234 cloud-init[1175]: |           ++.% .|
Nov 18 07:45:00 ip-172-31-9-234 cloud-init[1175]: |      .   oo=@ o |
Nov 18 07:45:00 ip-172-31-9-234 cloud-init[1175]: |     . o..oX+ .  |
Nov 18 07:45:00 ip-172-31-9-234 cloud-init[1175]: |      o...*=o    |
Nov 18 07:45:00 ip-172-31-9-234 cloud-init[1175]: +----[SHA256]-----+
Nov 18 07:45:00 ip-172-31-9-234 cloud-init[1175]: Generating public/private ed25519 key pair.
Nov 18 07:45:00 ip-172-31-9-234 cloud-init[1175]: Your identification has been saved in /etc/ssh/ssh_host_ed25519_key.
Nov 18 07:45:00 ip-172-31-9-234 cloud-init[1175]: Your public key has been saved in /etc/ssh/ssh_host_ed25519_key.pub.
Nov 18 07:45:00 ip-172-31-9-234 cloud-init[1175]: The key fingerprint is:
Nov 18 07:45:00 ip-172-31-9-234 cloud-init[1175]: SHA256:QvF8L4VRc2JKeNu/fhXrdU3iRjO4WyUfp1F8xK1zToc root@ip-172-31-9-234
Nov 18 07:45:00 ip-172-31-9-234 cloud-init[1175]: The key's randomart image is:
Nov 18 07:45:00 ip-172-31-9-234 cloud-init[1175]: +--[ED25519 256]--+
Nov 18 07:45:00 ip-172-31-9-234 cloud-init[1175]: |      .  .o.= .+o|
Nov 18 07:45:00 ip-172-31-9-234 cloud-init[1175]: |       +...= +  *|
Nov 18 07:45:00 ip-172-31-9-234 cloud-init[1175]: |      . o.+o.. +.|
Nov 18 07:45:00 ip-172-31-9-234 cloud-init[1175]: |     .   ..oo EoB|
Nov 18 07:45:00 ip-172-31-9-234 cloud-init[1175]: |      . S . .= /B|
Nov 18 07:45:00 ip-172-31-9-234 cloud-init[1175]: |       .   .. *.B|
Nov 18 07:45:00 ip-172-31-9-234 cloud-init[1175]: |             +..+|
Nov 18 07:45:00 ip-172-31-9-234 cloud-init[1175]: |            . ...|
Nov 18 07:45:00 ip-172-31-9-234 cloud-init[1175]: |             ... |
Nov 18 07:45:00 ip-172-31-9-234 cloud-init[1175]: +----[SHA256]-----+
Nov 18 07:45:00 ip-172-31-9-234 systemd[1]: Started Initial cloud-init job (metadata service crawler).
Nov 18 07:45:00 ip-172-31-9-234 systemd[1]: Reached target System Initialization.
Nov 18 07:45:00 ip-172-31-9-234 systemd[1]: Listening on UUID daemon activation socket.
Nov 18 07:45:00 ip-172-31-9-234 systemd[1]: Starting Socket activation for snappy daemon.
Nov 18 07:45:00 ip-172-31-9-234 systemd[1]: Listening on Open-iSCSI iscsid Socket.
Nov 18 07:45:00 ip-172-31-9-234 systemd[1]: Started ACPI Events Check.
Nov 18 07:45:00 ip-172-31-9-234 systemd[1]: Reached target Paths.
Nov 18 07:45:00 ip-172-31-9-234 systemd[1]: Starting LXD - unix socket.
Nov 18 07:45:00 ip-172-31-9-234 systemd[1]: Listening on D-Bus System Message Bus Socket.
Nov 18 07:45:00 ip-172-31-9-234 systemd[1]: Started Discard unused blocks once a week.
Nov 18 07:45:00 ip-172-31-9-234 systemd[1]: Started Daily apt download activities.
Nov 18 07:45:00 ip-172-31-9-234 systemd[1]: Started Daily apt upgrade and clean activities.
Nov 18 07:45:00 ip-172-31-9-234 systemd[1]: Listening on ACPID Listen Socket.
Nov 18 07:45:00 ip-172-31-9-234 systemd[1]: Started Message of the Day.
Nov 18 07:45:00 ip-172-31-9-234 systemd[1]: Started Daily Cleanup of Temporary Directories.
Nov 18 07:45:00 ip-172-31-9-234 systemd[1]: Reached target Timers.
Nov 18 07:45:00 ip-172-31-9-234 systemd[1]: Reached target Cloud-config availability.
Nov 18 07:45:00 ip-172-31-9-234 systemd[1]: Reached target Network is Online.
Nov 18 07:45:00 ip-172-31-9-234 systemd[1]: Reached target Remote File Systems (Pre).
Nov 18 07:45:00 ip-172-31-9-234 systemd[1]: Reached target Remote File Systems.
Nov 18 07:45:00 ip-172-31-9-234 systemd[1]: Starting Availability of block devices...
Nov 18 07:45:00 ip-172-31-9-234 systemd[1]: Listening on Socket activation for snappy daemon.
Nov 18 07:45:00 ip-172-31-9-234 systemd[1]: Listening on LXD - unix socket.
Nov 18 07:45:00 ip-172-31-9-234 systemd[1]: Started Availability of block devices.
Nov 18 07:45:00 ip-172-31-9-234 systemd[1]: Reached target Sockets.
Nov 18 07:45:00 ip-172-31-9-234 systemd[1]: Reached target Basic System.
Nov 18 07:45:00 ip-172-31-9-234 systemd[1]: Starting LXD - container startup/shutdown...
Nov 18 07:45:00 ip-172-31-9-234 systemd[1]: Starting LSB: Record successful boot for GRUB...
Nov 18 07:45:00 ip-172-31-9-234 systemd[1]: Started irqbalance daemon.
Nov 18 07:45:00 ip-172-31-9-234 systemd[1]: Starting Dispatcher daemon for systemd-networkd...
Nov 18 07:45:00 ip-172-31-9-234 systemd[1]: Started ACPI event daemon.
Nov 18 07:45:00 ip-172-31-9-234 systemd[1]: Started Regular background program processing daemon.
Nov 18 07:45:00 ip-172-31-9-234 systemd[1]: Started Deferred execution scheduler.
Nov 18 07:45:00 ip-172-31-9-234 cron[1340]: (CRON) INFO (pidfile fd = 3)
Nov 18 07:45:00 ip-172-31-9-234 acpid: starting up with netlink and the input layer
Nov 18 07:45:00 ip-172-31-9-234 acpid: 2 rules loaded
Nov 18 07:45:00 ip-172-31-9-234 acpid: waiting for events: event logging is off
Nov 18 07:45:00 ip-172-31-9-234 systemd[1]: Starting Accounts Service...
Nov 18 07:45:00 ip-172-31-9-234 cron[1340]: (CRON) INFO (Running @reboot jobs)
Nov 18 07:45:00 ip-172-31-9-234 systemd[1]: Started FUSE filesystem for LXC.
Nov 18 07:45:00 ip-172-31-9-234 systemd[1]: Started D-Bus System Message Bus.
Nov 18 07:45:00 ip-172-31-9-234 lxcfs[1349]: mount namespace: 5
Nov 18 07:45:00 ip-172-31-9-234 lxcfs[1349]: hierarchies:
Nov 18 07:45:00 ip-172-31-9-234 lxcfs[1349]:   0: fd:   6: perf_event
Nov 18 07:45:00 ip-172-31-9-234 lxcfs[1349]:   1: fd:   7: rdma
Nov 18 07:45:00 ip-172-31-9-234 lxcfs[1349]:   2: fd:   8: pids
Nov 18 07:45:00 ip-172-31-9-234 lxcfs[1349]:   3: fd:   9: net_cls,net_prio
Nov 18 07:45:00 ip-172-31-9-234 lxcfs[1349]:   4: fd:  10: cpuset
Nov 18 07:45:00 ip-172-31-9-234 lxcfs[1349]:   5: fd:  11: memory
Nov 18 07:45:00 ip-172-31-9-234 lxcfs[1349]:   6: fd:  12: blkio
Nov 18 07:45:00 ip-172-31-9-234 lxcfs[1349]:   7: fd:  13: hugetlb
Nov 18 07:45:00 ip-172-31-9-234 lxcfs[1349]:   8: fd:  14: freezer
Nov 18 07:45:00 ip-172-31-9-234 lxcfs[1349]:   9: fd:  15: cpu,cpuacct
Nov 18 07:45:00 ip-172-31-9-234 lxcfs[1349]:  10: fd:  16: devices
Nov 18 07:45:00 ip-172-31-9-234 lxcfs[1349]:  11: fd:  17: name=systemd
Nov 18 07:45:00 ip-172-31-9-234 lxcfs[1349]:  12: fd:  18: unified
Nov 18 07:45:00 ip-172-31-9-234 dbus-daemon[1356]: [system] AppArmor D-Bus mediation is enabled
Nov 18 07:45:00 ip-172-31-9-234 dbus-daemon[1356]: [system] Activating via systemd: service name='org.freedesktop.hostname1' unit='dbus-org.freedesktop.hostname1.service' requested by ':1.2' (uid=100 pid=1120 comm="/lib/systemd/systemd-networkd " label="unconfined")
Nov 18 07:45:00 ip-172-31-9-234 systemd[1]: Starting Permit User Sessions...
Nov 18 07:45:00 ip-172-31-9-234 dbus-daemon[1356]: [system] Activating via systemd: service name='org.freedesktop.PolicyKit1' unit='polkit.service' requested by ':1.3' (uid=0 pid=1345 comm="/usr/lib/accountsservice/accounts-daemon " label="unconfined")
Nov 18 07:45:00 ip-172-31-9-234 systemd[1]: Starting Login Service...
Nov 18 07:45:00 ip-172-31-9-234 systemd[1]: Starting Pollinate to seed the pseudo random number generator...
Nov 18 07:45:00 ip-172-31-9-234 systemd[1]: Starting Snap Daemon...
Nov 18 07:45:00 ip-172-31-9-234 systemd[1]: Starting System Logging Service...
Nov 18 07:45:00 ip-172-31-9-234 systemd[1]: Starting LSB: automatic crash report generation...
Nov 18 07:45:00 ip-172-31-9-234 systemd[1]: Started Permit User Sessions.
Nov 18 07:45:00 ip-172-31-9-234 grub-common[1316]:  * Recording successful boot for GRUB
Nov 18 07:45:00 ip-172-31-9-234 systemd[1]: Started Login Service.
Nov 18 07:45:00 ip-172-31-9-234 systemd[1]: Started Unattended Upgrades Shutdown.
Nov 18 07:45:00 ip-172-31-9-234 systemd[1]: Starting Authorization Manager...
Nov 18 07:45:00 ip-172-31-9-234 systemd[1]: Starting Hostname Service...
Nov 18 07:45:00 ip-172-31-9-234 systemd[1]: Starting Terminate Plymouth Boot Screen...
Nov 18 07:45:00 ip-172-31-9-234 systemd[1]: Starting Hold until boot process finishes up...
Nov 18 07:45:00 ip-172-31-9-234 systemd[1]: Started Hold until boot process finishes up.
Nov 18 07:45:00 ip-172-31-9-234 systemd[1]: Starting Set console scheme...
Nov 18 07:45:00 ip-172-31-9-234 systemd[1]: Started Serial Getty on ttyS0.
Nov 18 07:45:00 ip-172-31-9-234 systemd[1]: Started Set console scheme.
Nov 18 07:45:00 ip-172-31-9-234 systemd[1]: Started Terminate Plymouth Boot Screen.
Nov 18 07:45:00 ip-172-31-9-234 dbus-daemon[1356]: [system] Successfully activated service 'org.freedesktop.hostname1'
Nov 18 07:45:00 ip-172-31-9-234 systemd[1]: Started Hostname Service.
Nov 18 07:45:00 ip-172-31-9-234 systemd[1]: Created slice system-getty.slice.
Nov 18 07:45:00 ip-172-31-9-234 systemd[1]: Started Getty on tty1.
Nov 18 07:45:00 ip-172-31-9-234 systemd[1]: Reached target Login Prompts.
Nov 18 07:45:00 ip-172-31-9-234 pollinate[1411]: client sent challenge to [https://entropy.ubuntu.com/]
Nov 18 07:45:00 ip-172-31-9-234 apport[1433]:  * Starting automatic crash report generation: apport
Nov 18 07:45:00 ip-172-31-9-234 apport[1433]:    ...done.
Nov 18 07:45:00 ip-172-31-9-234 systemd[1]: Started LSB: automatic crash report generation.
Nov 18 07:45:00 ip-172-31-9-234 grub-common[1316]:    ...done.
Nov 18 07:45:00 ip-172-31-9-234 systemd[1]: Started LSB: Record successful boot for GRUB.
Nov 18 07:45:00 ip-172-31-9-234 polkitd[1458]: started daemon version 0.105 using authority implementation `local' version `0.105'
Nov 18 07:45:00 ip-172-31-9-234 dbus-daemon[1356]: [system] Successfully activated service 'org.freedesktop.PolicyKit1'
Nov 18 07:45:00 ip-172-31-9-234 systemd[1]: Started Authorization Manager.
Nov 18 07:45:00 ip-172-31-9-234 accounts-daemon[1345]: started daemon version 0.6.45
Nov 18 07:45:00 ip-172-31-9-234 systemd[1]: Started Accounts Service.
Nov 18 07:45:00 ip-172-31-9-234 networkd-dispatcher[1329]: No valid path found for iwconfig
Nov 18 07:45:00 ip-172-31-9-234 networkd-dispatcher[1329]: No valid path found for iw
Nov 18 07:45:00 ip-172-31-9-234 systemd-resolved[1141]: Using degraded feature set (UDP) for DNS server 172.31.0.2.
Nov 18 07:45:00 ip-172-31-9-234 systemd[1]: Started Dispatcher daemon for systemd-networkd.
Nov 18 07:45:00 ip-172-31-9-234 snapd[1419]: AppArmor status: apparmor is enabled and all features are available
Nov 18 07:45:00 ip-172-31-9-234 systemd[1]: Started LXD - container startup/shutdown.
Nov 18 07:45:00 ip-172-31-9-234 snapd[1419]: daemon.go:343: started snapd/2.47.1+18.04 (series 16; classic) ubuntu/18.04 (amd64) linux/5.4.0-1029-aws.
Nov 18 07:45:00 ip-172-31-9-234 snapd[1419]: daemon.go:436: adjusting startup timeout by 30s (pessimistic estimate of 30s plus 5s per snap)
Nov 18 07:45:00 ip-172-31-9-234 snapd[1419]: helpers.go:105: error trying to compare the snap system key: system-key missing on disk
Nov 18 07:45:00 ip-172-31-9-234 systemd[1]: Started Snap Daemon.
Nov 18 07:45:00 ip-172-31-9-234 systemd[1]: Starting Wait until snapd is fully seeded...
Nov 18 07:45:00 ip-172-31-9-234 pollinate[1411]: client verified challenge/response with [https://entropy.ubuntu.com/]
Nov 18 07:45:00 ip-172-31-9-234 pollinate[1411]: client hashed response from [https://entropy.ubuntu.com/]
Nov 18 07:45:00 ip-172-31-9-234 pollinate[1411]: client successfully seeded [/dev/urandom]
Nov 18 07:45:00 ip-172-31-9-234 systemd[1]: Started Pollinate to seed the pseudo random number generator.
Nov 18 07:45:00 ip-172-31-9-234 systemd[1]: Starting OpenBSD Secure Shell server...
Nov 18 07:45:00 ip-172-31-9-234 systemd[1]: Started OpenBSD Secure Shell server.
Nov 18 07:45:00 ip-172-31-9-234 systemd[1]: Reloading.
Nov 18 07:45:00 ip-172-31-9-234 systemd[1]: Mounting Mount unit for core, revision 10185...
Nov 18 07:45:00 ip-172-31-9-234 systemd[1]: Mounted Mount unit for core, revision 10185.
Nov 18 07:45:00 ip-172-31-9-234 snapd[1419]: daemon.go:542: gracefully waiting for running hooks
Nov 18 07:45:00 ip-172-31-9-234 snapd[1419]: daemon.go:544: done waiting for running hooks
Nov 18 07:45:00 ip-172-31-9-234 rsyslogd: imuxsock: Acquired UNIX socket '/run/systemd/journal/syslog' (fd 3) from systemd.  [v8.32.0]
Nov 18 07:45:00 ip-172-31-9-234 rsyslogd: rsyslogd's groupid changed to 106
Nov 18 07:45:00 ip-172-31-9-234 systemd[1]: Started System Logging Service.
Nov 18 07:45:00 ip-172-31-9-234 rsyslogd: rsyslogd's userid changed to 102
Nov 18 07:45:00 ip-172-31-9-234 rsyslogd:  [origin software="rsyslogd" swVersion="8.32.0" x-pid="1430" x-info="http://www.rsyslog.com"] start
Nov 18 07:45:02 ip-172-31-9-234 systemd[1]: snapd.service: Service hold-off time over, scheduling restart.
Nov 18 07:45:02 ip-172-31-9-234 systemd[1]: snapd.service: Scheduled restart job, restart counter is at 1.
Nov 18 07:45:02 ip-172-31-9-234 systemd[1]: Stopped Snap Daemon.
Nov 18 07:45:02 ip-172-31-9-234 systemd[1]: Starting Snap Daemon...
Nov 18 07:45:02 ip-172-31-9-234 snapd[2159]: AppArmor status: apparmor is enabled and all features are available
Nov 18 07:45:02 ip-172-31-9-234 snapd[2159]: patch.go:64: Patching system state level 6 to sublevel 1...
Nov 18 07:45:02 ip-172-31-9-234 snapd[2159]: patch.go:64: Patching system state level 6 to sublevel 2...
Nov 18 07:45:02 ip-172-31-9-234 snapd[2159]: patch.go:64: Patching system state level 6 to sublevel 3...
Nov 18 07:45:02 ip-172-31-9-234 snapd[2159]: daemon.go:343: started snapd/2.47.1+18.04 (series 16; classic) ubuntu/18.04 (amd64) linux/5.4.0-1029-aws.
Nov 18 07:45:02 ip-172-31-9-234 snapd[2159]: daemon.go:436: adjusting startup timeout by 35s (pessimistic estimate of 30s plus 5s per snap)
Nov 18 07:45:02 ip-172-31-9-234 systemd[1]: Started Snap Daemon.
Nov 18 07:45:03 ip-172-31-9-234 systemd[1]: Reloading.
Nov 18 07:45:03 ip-172-31-9-234 systemd[1]: Mounting Mount unit for amazon-ssm-agent, revision 2012...
Nov 18 07:45:03 ip-172-31-9-234 systemd[1]: Mounted Mount unit for amazon-ssm-agent, revision 2012.
Nov 18 07:45:03 ip-172-31-9-234 kernel: [   22.469435] audit: type=1400 audit(1605685503.556:21): apparmor="STATUS" operation="profile_load" profile="unconfined" name="snap.amazon-ssm-agent.amazon-ssm-agent" pid=2410 comm="apparmor_parser"
Nov 18 07:45:03 ip-172-31-9-234 kernel: [   22.469453] audit: type=1400 audit(1605685503.556:22): apparmor="STATUS" operation="profile_load" profile="unconfined" name="snap.amazon-ssm-agent.ssm-cli" pid=2411 comm="apparmor_parser"
Nov 18 07:45:03 ip-172-31-9-234 kernel: [   22.474582] audit: type=1400 audit(1605685503.560:23): apparmor="STATUS" operation="profile_load" profile="unconfined" name="snap-update-ns.amazon-ssm-agent" pid=2409 comm="apparmor_parser"
Nov 18 07:45:03 ip-172-31-9-234 systemd[1]: Reloading.
Nov 18 07:45:03 ip-172-31-9-234 systemd[1]: Started Service for snap application amazon-ssm-agent.amazon-ssm-agent.
Nov 18 07:45:04 ip-172-31-9-234 amazon-ssm-agent.amazon-ssm-agent[2451]: 2020/11/18 07:45:04 Failed to load instance info from vault. RegistrationKey does not exist.
Nov 18 07:45:04 ip-172-31-9-234 amazon-ssm-agent.amazon-ssm-agent[2451]: Error occurred fetching the seelog config file path:  open /etc/amazon/ssm/seelog.xml: no such file or directory
Nov 18 07:45:04 ip-172-31-9-234 amazon-ssm-agent.amazon-ssm-agent[2451]: Initializing new seelog logger
Nov 18 07:45:04 ip-172-31-9-234 amazon-ssm-agent.amazon-ssm-agent[2451]: New Seelog Logger Creation Complete
Nov 18 07:45:04 ip-172-31-9-234 amazon-ssm-agent.amazon-ssm-agent[2451]: 2020-11-18 07:45:04 ERROR Error adding the directory to watcher: no such file or directory
Nov 18 07:45:04 ip-172-31-9-234 amazon-ssm-agent.amazon-ssm-agent[2451]: 2020-11-18 07:45:04 INFO Agent is in hibernate mode. Reducing logging. Logging will be reduced to one log per backoff period
Nov 18 07:45:04 ip-172-31-9-234 amazon-ssm-agent.amazon-ssm-agent[2451]: 2020-11-18 07:45:04 INFO Entering SSM Agent hibernate - EC2RoleRequestError: no EC2 instance role found
Nov 18 07:45:04 ip-172-31-9-234 amazon-ssm-agent.amazon-ssm-agent[2451]: caused by: EC2MetadataError: failed to make EC2Metadata request
Nov 18 07:45:04 ip-172-31-9-234 amazon-ssm-agent.amazon-ssm-agent[2451]: #011status code: 404, request id:
Nov 18 07:45:04 ip-172-31-9-234 amazon-ssm-agent.amazon-ssm-agent[2451]: caused by: <?xml version="1.0" encoding="iso-8859-1"?>
Nov 18 07:45:04 ip-172-31-9-234 amazon-ssm-agent.amazon-ssm-agent[2451]: <!DOCTYPE html PUBLIC "-//W3C//DTD XHTML 1.0 Transitional//EN"
Nov 18 07:45:04 ip-172-31-9-234 amazon-ssm-agent.amazon-ssm-agent[2451]: #011#011 "http://www.w3.org/TR/xhtml1/DTD/xhtml1-transitional.dtd">
Nov 18 07:45:04 ip-172-31-9-234 amazon-ssm-agent.amazon-ssm-agent[2451]: <html xmlns="http://www.w3.org/1999/xhtml" xml:lang="en" lang="en">
Nov 18 07:45:04 ip-172-31-9-234 amazon-ssm-agent.amazon-ssm-agent[2451]:  <head>
Nov 18 07:45:04 ip-172-31-9-234 amazon-ssm-agent.amazon-ssm-agent[2451]:   <title>404 - Not Found</title>
Nov 18 07:45:04 ip-172-31-9-234 amazon-ssm-agent.amazon-ssm-agent[2451]:  </head>
Nov 18 07:45:04 ip-172-31-9-234 amazon-ssm-agent.amazon-ssm-agent[2451]:  <body>
Nov 18 07:45:04 ip-172-31-9-234 amazon-ssm-agent.amazon-ssm-agent[2451]:   <h1>404 - Not Found</h1>
Nov 18 07:45:04 ip-172-31-9-234 amazon-ssm-agent.amazon-ssm-agent[2451]:  </body>
Nov 18 07:45:04 ip-172-31-9-234 amazon-ssm-agent.amazon-ssm-agent[2451]: </html>
Nov 18 07:45:09 ip-172-31-9-234 systemd[1]: Started Wait until snapd is fully seeded.
Nov 18 07:45:09 ip-172-31-9-234 systemd[1]: Starting Apply the settings specified in cloud-config...
Nov 18 07:45:10 ip-172-31-9-234 cloud-init[2506]: Cloud-init v. 20.3-2-g371b392c-0ubuntu1~18.04.1 running 'modules:config' at Wed, 18 Nov 2020 07:45:09 +0000. Up 28.10 seconds.
Nov 18 07:45:10 ip-172-31-9-234 systemd[1]: Started Apply the settings specified in cloud-config.
Nov 18 07:45:10 ip-172-31-9-234 systemd[1]: Starting EC2 instance hibernation setup agent...
Nov 18 07:45:10 ip-172-31-9-234 /hibinit-agent: Instance Launch has not enabled Hibernation Configured Flag. hibinit-agent exiting!!
Nov 18 07:45:10 ip-172-31-9-234 hibinit-agent[2555]: Instance Launch has not enabled Hibernation Configured Flag. hibinit-agent exiting!!
Nov 18 07:45:10 ip-172-31-9-234 systemd[1]: Started EC2 instance hibernation setup agent.
Nov 18 07:45:10 ip-172-31-9-234 systemd[1]: Reached target Multi-User System.
Nov 18 07:45:10 ip-172-31-9-234 systemd[1]: Reached target Graphical Interface.
Nov 18 07:45:10 ip-172-31-9-234 systemd[1]: Starting Execute cloud user/final scripts...
Nov 18 07:45:10 ip-172-31-9-234 systemd[1]: Starting Update UTMP about System Runlevel Changes...
Nov 18 07:45:10 ip-172-31-9-234 systemd[1]: Started Update UTMP about System Runlevel Changes.
Nov 18 07:45:10 ip-172-31-9-234 ec2: 
Nov 18 07:45:10 ip-172-31-9-234 ec2: #############################################################
Nov 18 07:45:10 ip-172-31-9-234 ec2: -----BEGIN SSH HOST KEY FINGERPRINTS-----
Nov 18 07:45:10 ip-172-31-9-234 ec2: 1024 SHA256:4Obtz839VDJoSkRO1QRxBEMbMnSORxZlsLrCRmh7iNw root@ip-172-31-9-234 (DSA)
Nov 18 07:45:10 ip-172-31-9-234 ec2: 256 SHA256:UPYIU9kVQtYp+V+Cn46VZjJnJ6Euh88qGt4drVlatFI root@ip-172-31-9-234 (ECDSA)
Nov 18 07:45:10 ip-172-31-9-234 ec2: 256 SHA256:QvF8L4VRc2JKeNu/fhXrdU3iRjO4WyUfp1F8xK1zToc root@ip-172-31-9-234 (ED25519)
Nov 18 07:45:10 ip-172-31-9-234 ec2: 2048 SHA256:+35ibMLacw8RFkIncuJ+aty8kESVSD+hpsZvGsX+CdU root@ip-172-31-9-234 (RSA)
Nov 18 07:45:10 ip-172-31-9-234 ec2: -----END SSH HOST KEY FINGERPRINTS-----
Nov 18 07:45:10 ip-172-31-9-234 ec2: #############################################################
Nov 18 07:45:10 ip-172-31-9-234 cloud-init[2570]: Cloud-init v. 20.3-2-g371b392c-0ubuntu1~18.04.1 running 'modules:final' at Wed, 18 Nov 2020 07:45:10 +0000. Up 29.00 seconds.
Nov 18 07:45:10 ip-172-31-9-234 cloud-init[2570]: Cloud-init v. 20.3-2-g371b392c-0ubuntu1~18.04.1 finished at Wed, 18 Nov 2020 07:45:10 +0000. Datasource DataSourceEc2Local.  Up 29.10 seconds
Nov 18 07:45:10 ip-172-31-9-234 systemd[1]: Started Execute cloud user/final scripts.
Nov 18 07:45:10 ip-172-31-9-234 systemd[1]: Reached target Cloud-init target.
Nov 18 07:45:10 ip-172-31-9-234 systemd[1]: Startup finished in 6.356s (kernel) + 22.791s (userspace) = 29.147s.
Nov 18 07:45:24 ip-172-31-9-234 systemd-timesyncd[705]: Synchronized to time server 91.189.91.157:123 (ntp.ubuntu.com).
Nov 18 07:47:09 ip-172-31-9-234 systemd[1]: Created slice User Slice of ubuntu.
